Archive member included to satisfy reference by file (symbol)

c:/ti/ccs1000/ccs/tools/compiler/msp430-gcc-8.3.1.25_win64/bin/../lib/gcc/msp430-elf/8.3.1/../../../../msp430-elf/lib/large\libcrt.a(crt_main.o)
                              c:/ti/ccs1000/ccs/tools/compiler/msp430-gcc-8.3.1.25_win64/bin/../lib/gcc/msp430-elf/8.3.1/../../../../msp430-elf/lib/large/crt0.o (__crt0_call_main)

Discarded input sections

 .text          0x0000000000000000        0x0 c:/ti/ccs1000/ccs/tools/compiler/msp430-gcc-8.3.1.25_win64/bin/../lib/gcc/msp430-elf/8.3.1/../../../../msp430-elf/lib/large/crt0.o
 .data          0x0000000000000000        0x0 c:/ti/ccs1000/ccs/tools/compiler/msp430-gcc-8.3.1.25_win64/bin/../lib/gcc/msp430-elf/8.3.1/../../../../msp430-elf/lib/large/crt0.o
 .bss           0x0000000000000000        0x0 c:/ti/ccs1000/ccs/tools/compiler/msp430-gcc-8.3.1.25_win64/bin/../lib/gcc/msp430-elf/8.3.1/../../../../msp430-elf/lib/large/crt0.o
 .text          0x0000000000000000        0x0 c:/ti/ccs1000/ccs/tools/compiler/msp430-gcc-8.3.1.25_win64/bin/../lib/gcc/msp430-elf/8.3.1/large/crtbegin_no_eh.o
 .data          0x0000000000000000        0x0 c:/ti/ccs1000/ccs/tools/compiler/msp430-gcc-8.3.1.25_win64/bin/../lib/gcc/msp430-elf/8.3.1/large/crtbegin_no_eh.o
 .bss           0x0000000000000000        0x0 c:/ti/ccs1000/ccs/tools/compiler/msp430-gcc-8.3.1.25_win64/bin/../lib/gcc/msp430-elf/8.3.1/large/crtbegin_no_eh.o
 .data          0x0000000000000000        0x0 ./main.o
 .bss           0x0000000000000000        0x0 ./main.o
 .data          0x0000000000000000        0x0 ./UART_communication/UART_communication.o
 .bss           0x0000000000000000        0x0 ./UART_communication/UART_communication.o
 .text          0x0000000000000000        0x0 c:/ti/ccs1000/ccs/tools/compiler/msp430-gcc-8.3.1.25_win64/bin/../lib/gcc/msp430-elf/8.3.1/../../../../msp430-elf/lib/large\libcrt.a(crt_main.o)
 .data          0x0000000000000000        0x0 c:/ti/ccs1000/ccs/tools/compiler/msp430-gcc-8.3.1.25_win64/bin/../lib/gcc/msp430-elf/8.3.1/../../../../msp430-elf/lib/large\libcrt.a(crt_main.o)
 .bss           0x0000000000000000        0x0 c:/ti/ccs1000/ccs/tools/compiler/msp430-gcc-8.3.1.25_win64/bin/../lib/gcc/msp430-elf/8.3.1/../../../../msp430-elf/lib/large\libcrt.a(crt_main.o)
 .text          0x0000000000000000        0x0 c:/ti/ccs1000/ccs/tools/compiler/msp430-gcc-8.3.1.25_win64/bin/../lib/gcc/msp430-elf/8.3.1/large/crtend_no_eh.o
 .data          0x0000000000000000        0x0 c:/ti/ccs1000/ccs/tools/compiler/msp430-gcc-8.3.1.25_win64/bin/../lib/gcc/msp430-elf/8.3.1/large/crtend_no_eh.o
 .bss           0x0000000000000000        0x0 c:/ti/ccs1000/ccs/tools/compiler/msp430-gcc-8.3.1.25_win64/bin/../lib/gcc/msp430-elf/8.3.1/large/crtend_no_eh.o

Memory Configuration

Name             Origin             Length             Attributes
TINYRAM          0x0000000000000006 0x000000000000001a
BSL              0x0000000000001000 0x0000000000000800
RAM              0x0000000000001c00 0x0000000000000800
INFOMEM          0x0000000000001800 0x0000000000000200
INFOA            0x0000000000001980 0x0000000000000080
INFOB            0x0000000000001900 0x0000000000000080
INFOC            0x0000000000001880 0x0000000000000080
INFOD            0x0000000000001800 0x0000000000000080
ROM              0x0000000000004400 0x000000000000bb80 xr
HIFRAM           0x0000000000010000 0x0000000000013fff xrw
JTAGSIGNATURE    0x000000000000ff80 0x0000000000000004
BSLSIGNATURE     0x000000000000ff84 0x0000000000000004
IPESIGNATURE     0x000000000000ff88 0x0000000000000008
VECT1            0x000000000000ff90 0x0000000000000002
VECT2            0x000000000000ff92 0x0000000000000002
VECT3            0x000000000000ff94 0x0000000000000002
VECT4            0x000000000000ff96 0x0000000000000002
VECT5            0x000000000000ff98 0x0000000000000002
VECT6            0x000000000000ff9a 0x0000000000000002
VECT7            0x000000000000ff9c 0x0000000000000002
VECT8            0x000000000000ff9e 0x0000000000000002
VECT9            0x000000000000ffa0 0x0000000000000002
VECT10           0x000000000000ffa2 0x0000000000000002
VECT11           0x000000000000ffa4 0x0000000000000002
VECT12           0x000000000000ffa6 0x0000000000000002
VECT13           0x000000000000ffa8 0x0000000000000002
VECT14           0x000000000000ffaa 0x0000000000000002
VECT15           0x000000000000ffac 0x0000000000000002
VECT16           0x000000000000ffae 0x0000000000000002
VECT17           0x000000000000ffb0 0x0000000000000002
VECT18           0x000000000000ffb2 0x0000000000000002
VECT19           0x000000000000ffb4 0x0000000000000002
VECT20           0x000000000000ffb6 0x0000000000000002
VECT21           0x000000000000ffb8 0x0000000000000002
VECT22           0x000000000000ffba 0x0000000000000002
VECT23           0x000000000000ffbc 0x0000000000000002
VECT24           0x000000000000ffbe 0x0000000000000002
VECT25           0x000000000000ffc0 0x0000000000000002
VECT26           0x000000000000ffc2 0x0000000000000002
VECT27           0x000000000000ffc4 0x0000000000000002
VECT28           0x000000000000ffc6 0x0000000000000002
VECT29           0x000000000000ffc8 0x0000000000000002
VECT30           0x000000000000ffca 0x0000000000000002
VECT31           0x000000000000ffcc 0x0000000000000002
VECT32           0x000000000000ffce 0x0000000000000002
VECT33           0x000000000000ffd0 0x0000000000000002
VECT34           0x000000000000ffd2 0x0000000000000002
VECT35           0x000000000000ffd4 0x0000000000000002
VECT36           0x000000000000ffd6 0x0000000000000002
VECT37           0x000000000000ffd8 0x0000000000000002
VECT38           0x000000000000ffda 0x0000000000000002
VECT39           0x000000000000ffdc 0x0000000000000002
VECT40           0x000000000000ffde 0x0000000000000002
VECT41           0x000000000000ffe0 0x0000000000000002
VECT42           0x000000000000ffe2 0x0000000000000002
VECT43           0x000000000000ffe4 0x0000000000000002
VECT44           0x000000000000ffe6 0x0000000000000002
VECT45           0x000000000000ffe8 0x0000000000000002
VECT46           0x000000000000ffea 0x0000000000000002
VECT47           0x000000000000ffec 0x0000000000000002
VECT48           0x000000000000ffee 0x0000000000000002
VECT49           0x000000000000fff0 0x0000000000000002
VECT50           0x000000000000fff2 0x0000000000000002
VECT51           0x000000000000fff4 0x0000000000000002
VECT52           0x000000000000fff6 0x0000000000000002
VECT53           0x000000000000fff8 0x0000000000000002
VECT54           0x000000000000fffa 0x0000000000000002
VECT55           0x000000000000fffc 0x0000000000000002
RESETVEC         0x000000000000fffe 0x0000000000000002
*default*        0x0000000000000000 0xffffffffffffffff

Linker script and memory map

LOAD c:/ti/ccs1000/ccs/tools/compiler/msp430-gcc-8.3.1.25_win64/bin/../lib/gcc/msp430-elf/8.3.1/../../../../msp430-elf/lib/large/crt0.o
LOAD c:/ti/ccs1000/ccs/tools/compiler/msp430-gcc-8.3.1.25_win64/bin/../lib/gcc/msp430-elf/8.3.1/large/crtbegin_no_eh.o
LOAD ./main.o
LOAD ./UART_communication/UART_communication.o
START GROUP
LOAD c:/ti/ccs1000/ccs/tools/compiler/msp430-gcc-8.3.1.25_win64/bin/../lib/gcc/msp430-elf/8.3.1/large\libgcc.a
LOAD c:/ti/ccs1000/ccs/tools/compiler/msp430-gcc-8.3.1.25_win64/bin/../lib/gcc/msp430-elf/8.3.1/../../../../msp430-elf/lib/large\libc.a
END GROUP
LOAD c:/ti/ccs1000/ccs/tools/compiler/msp430-gcc-8.3.1.25_win64/bin/../lib/gcc/msp430-elf/8.3.1/large\libgcc.a
START GROUP
LOAD c:/ti/ccs1000/ccs/tools/compiler/msp430-gcc-8.3.1.25_win64/bin/../lib/gcc/msp430-elf/8.3.1/large\libmul_f5.a
LOAD c:/ti/ccs1000/ccs/tools/compiler/msp430-gcc-8.3.1.25_win64/bin/../lib/gcc/msp430-elf/8.3.1/../../../../msp430-elf/lib/large\libc.a
LOAD c:/ti/ccs1000/ccs/tools/compiler/msp430-gcc-8.3.1.25_win64/bin/../lib/gcc/msp430-elf/8.3.1/large\libgcc.a
LOAD c:/ti/ccs1000/ccs/tools/compiler/msp430-gcc-8.3.1.25_win64/bin/../lib/gcc/msp430-elf/8.3.1/../../../../msp430-elf/lib/large\libcrt.a
LOAD c:/ti/ccs1000/ccs/tools/compiler/msp430-gcc-8.3.1.25_win64/bin/../lib/gcc/msp430-elf/8.3.1/../../../../msp430-elf/lib/large\libnosys.a
END GROUP
LOAD c:/ti/ccs1000/ccs/tools/compiler/msp430-gcc-8.3.1.25_win64/bin/../lib/gcc/msp430-elf/8.3.1/large\libgcc.a
LOAD c:/ti/ccs1000/ccs/tools/compiler/msp430-gcc-8.3.1.25_win64/bin/../lib/gcc/msp430-elf/8.3.1/large/crtend_no_eh.o
LOAD c:/ti/ccs1000/ccs/tools/compiler/msp430-gcc-8.3.1.25_win64/bin/../lib/gcc/msp430-elf/8.3.1/large\libgcc.a

.jtagsignature

.bslsignature

.ipe
 *(.ipesignature)
 *(.jtagpassword)

__interrupt_vector_1
 *(__interrupt_vector_1)

__interrupt_vector_2
 *(__interrupt_vector_2)

__interrupt_vector_3
 *(__interrupt_vector_3)

__interrupt_vector_4
 *(__interrupt_vector_4)

__interrupt_vector_5
 *(__interrupt_vector_5)

__interrupt_vector_6
 *(__interrupt_vector_6)

__interrupt_vector_7
 *(__interrupt_vector_7)

__interrupt_vector_8
 *(__interrupt_vector_8)

__interrupt_vector_9
 *(__interrupt_vector_9)

__interrupt_vector_10
 *(__interrupt_vector_10)

__interrupt_vector_11
 *(__interrupt_vector_11)

__interrupt_vector_12
 *(__interrupt_vector_12)

__interrupt_vector_13
 *(__interrupt_vector_13)

__interrupt_vector_14
 *(__interrupt_vector_14)

__interrupt_vector_15
 *(__interrupt_vector_15)

__interrupt_vector_16
 *(__interrupt_vector_16)

__interrupt_vector_17
 *(__interrupt_vector_17)

__interrupt_vector_18
 *(__interrupt_vector_18)

__interrupt_vector_19
 *(__interrupt_vector_19)

__interrupt_vector_20
 *(__interrupt_vector_20)

__interrupt_vector_21
 *(__interrupt_vector_21)

__interrupt_vector_22
 *(__interrupt_vector_22)

__interrupt_vector_23
 *(__interrupt_vector_23)

__interrupt_vector_24
 *(__interrupt_vector_24)

__interrupt_vector_25
 *(__interrupt_vector_25)

__interrupt_vector_26
 *(__interrupt_vector_26)

__interrupt_vector_27
 *(__interrupt_vector_27)

__interrupt_vector_28
 *(__interrupt_vector_28)
 *(__interrupt_vector_aes256)

__interrupt_vector_29
 *(__interrupt_vector_29)
 *(__interrupt_vector_rtc)

__interrupt_vector_30
 *(__interrupt_vector_30)
 *(__interrupt_vector_lcd_c)

__interrupt_vector_31
 *(__interrupt_vector_31)
 *(__interrupt_vector_port4)

__interrupt_vector_32
 *(__interrupt_vector_32)
 *(__interrupt_vector_port3)

__interrupt_vector_33
 *(__interrupt_vector_33)
 *(__interrupt_vector_timer3_a1)

__interrupt_vector_34
 *(__interrupt_vector_34)
 *(__interrupt_vector_timer3_a0)

__interrupt_vector_35
 *(__interrupt_vector_35)
 *(__interrupt_vector_port2)

__interrupt_vector_36
 *(__interrupt_vector_36)
 *(__interrupt_vector_timer2_a1)

__interrupt_vector_37
 *(__interrupt_vector_37)
 *(__interrupt_vector_timer2_a0)

__interrupt_vector_38
 *(__interrupt_vector_38)
 *(__interrupt_vector_port1)

__interrupt_vector_39
 *(__interrupt_vector_39)
 *(__interrupt_vector_timer1_a1)

__interrupt_vector_40
 *(__interrupt_vector_40)
 *(__interrupt_vector_timer1_a0)

__interrupt_vector_41
 *(__interrupt_vector_41)
 *(__interrupt_vector_dma)

__interrupt_vector_42
 *(__interrupt_vector_42)
 *(__interrupt_vector_usci_b1)

__interrupt_vector_43
                0x000000000000ffe4        0x2
 *(__interrupt_vector_43)
 __interrupt_vector_43
                0x000000000000ffe4        0x2 ./UART_communication/UART_communication.o
 *(__interrupt_vector_usci_a1)

__interrupt_vector_44
 *(__interrupt_vector_44)
 *(__interrupt_vector_timer0_a1)

__interrupt_vector_45
 *(__interrupt_vector_45)
 *(__interrupt_vector_timer0_a0)

__interrupt_vector_46
 *(__interrupt_vector_46)
 *(__interrupt_vector_adc12)

__interrupt_vector_47
 *(__interrupt_vector_47)
 *(__interrupt_vector_usci_b0)

__interrupt_vector_48
 *(__interrupt_vector_48)
 *(__interrupt_vector_usci_a0)

__interrupt_vector_49
 *(__interrupt_vector_49)
 *(__interrupt_vector_escan_if)

__interrupt_vector_50
 *(__interrupt_vector_50)
 *(__interrupt_vector_wdt)

__interrupt_vector_51
 *(__interrupt_vector_51)
 *(__interrupt_vector_timer0_b1)

__interrupt_vector_52
 *(__interrupt_vector_52)
 *(__interrupt_vector_timer0_b0)

__interrupt_vector_53
 *(__interrupt_vector_53)
 *(__interrupt_vector_comp_e)

__interrupt_vector_54
 *(__interrupt_vector_54)
 *(__interrupt_vector_unmi)

__interrupt_vector_55
 *(__interrupt_vector_55)
 *(__interrupt_vector_sysnmi)

__reset_vector  0x000000000000fffe        0x2
 *(__interrupt_vector_56)
 *(__interrupt_vector_reset)
 *(.resetvec)
 .resetvec      0x000000000000fffe        0x2 c:/ti/ccs1000/ccs/tools/compiler/msp430-gcc-8.3.1.25_win64/bin/../lib/gcc/msp430-elf/8.3.1/../../../../msp430-elf/lib/large/crt0.o

.lower.rodata   0x0000000000004400        0x0
                0x0000000000004400                . = ALIGN (0x2)
 *(.lower.rodata.* .lower.rodata)

.rodata         0x0000000000004400        0x0
                0x0000000000004400                . = ALIGN (0x2)
 *(.plt)
 *(.rodata .rodata.* .gnu.linkonce.r.* .const .const:*)
 *(.rodata1)
 *(.gcc_except_table)
 *(.gcc_except_table.*)

.rodata2        0x0000000000004400        0x4
                0x0000000000004400                . = ALIGN (0x2)
                [!provide]                        PROVIDE (__preinit_array_start, .)
 *(.preinit_array)
                [!provide]                        PROVIDE (__preinit_array_end, .)
                0x0000000000004400                . = ALIGN (0x2)
                [!provide]                        PROVIDE (__init_array_start, .)
 *(SORT(.init_array.*))
 *(.init_array)
                [!provide]                        PROVIDE (__init_array_end, .)
                0x0000000000004400                . = ALIGN (0x2)
                [!provide]                        PROVIDE (__fini_array_start, .)
 *(.fini_array)
 *(SORT(.fini_array.*))
                [!provide]                        PROVIDE (__fini_array_end, .)
                0x0000000000004400                . = ALIGN (0x2)
 *(.eh_frame_hdr)
 *(.eh_frame)
 .eh_frame      0x0000000000004400        0x4 c:/ti/ccs1000/ccs/tools/compiler/msp430-gcc-8.3.1.25_win64/bin/../lib/gcc/msp430-elf/8.3.1/large/crtend_no_eh.o
 *crtbegin*.o(.ctors)
 *(EXCLUDE_FILE(*crtend*.o) .ctors)
 *(SORT(.ctors.*))
 *(.ctors)
 *crtbegin*.o(.dtors)
 *(EXCLUDE_FILE(*crtend*.o) .dtors)
 *(SORT(.dtors.*))
 *(.dtors)

.upper.rodata
 *(.upper.rodata.* .upper.rodata)

.persistent     0x0000000000004404        0x0
                0x0000000000004404                . = ALIGN (0x2)
                [!provide]                        PROVIDE (__persistent_start, .)
 *(.persistent)
                0x0000000000004404                . = ALIGN (0x2)
                [!provide]                        PROVIDE (__persistent_end, .)

.tinyram

.lower.data     0x0000000000001c00        0x0 load address 0x0000000000004404
                0x0000000000001c00                . = ALIGN (0x2)
                [!provide]                        PROVIDE (__datastart, .)
 *(.lower.data.* .lower.data)

.data           0x0000000000001c00        0x0 load address 0x0000000000004404
                0x0000000000001c00                . = ALIGN (0x2)
 *(.jcr)
 *(.data.rel.ro.local)
 *(.data.rel.ro*)
 *(.dynamic)
 *(.data .data.* .gnu.linkonce.d.*)
 *(.gnu.linkonce.d.*personality*)
 *(.data1)
 *(.got.plt)
 *(.got)
                0x0000000000001c00                . = ALIGN (0x2)
 *(.sdata .sdata.* .gnu.linkonce.s.* D_2 D_1)
                0x0000000000001c00                . = ALIGN (0x2)
                0x0000000000001c00                _edata = .
                [!provide]                        PROVIDE (edata, .)
                [!provide]                        PROVIDE (__dataend, .)
                [!provide]                        PROVIDE (__romdatastart, LOADADDR (.lower.data))
                [!provide]                        PROVIDE (__romdatacopysize, (SIZEOF (.lower.data) + SIZEOF (.data)))

.upper.data     0x0000000000010000        0x2 load address 0x0000000000004404
                0x0000000000004404                __upper_data_init = LOADADDR (.upper.data)
                0x0000000000010000        0x2 SHORT 0x1
                0x0000000000010002                __high_datastart = .
 *(.upper.data.* .upper.data)
                0x0000000000010002                __high_dataend = .
                0x0000000000000000                __rom_highdatacopysize = (SIZEOF (.upper.data) - 0x2)
                0x0000000000004406                __rom_highdatastart = (LOADADDR (.upper.data) + 0x2)

.lower.bss      0x0000000000001c00        0x0
                0x0000000000001c00                . = ALIGN (0x2)
                [!provide]                        PROVIDE (__bssstart, .)
 *(.lower.bss.* .lower.bss)

.bss            0x0000000000001c00        0x0
                0x0000000000001c00                . = ALIGN (0x2)
 *(.dynbss)
 *(.sbss .sbss.*)
 *(.bss .bss.* .gnu.linkonce.b.*)
                0x0000000000001c00                . = ALIGN (0x2)
 *(COMMON)
                [!provide]                        PROVIDE (__bssend, .)
                [!provide]                        PROVIDE (__bsssize, (SIZEOF (.lower.bss) + SIZEOF (.bss)))

.upper.bss      0x0000000000010002        0x0
                0x0000000000010002                . = ALIGN (0x2)
                0x0000000000010002                __high_bssstart = .
 *(.upper.bss.* .upper.bss)
                0x0000000000010002                . = ALIGN (0x2)
                0x0000000000010002                __high_bssend = .
                0x0000000000000000                __high_bsssize = SIZEOF (.upper.bss)

.noinit         0x0000000000001c00        0x0
                0x0000000000001c00                . = ALIGN (0x2)
                [!provide]                        PROVIDE (__noinit_start, .)
 *(.noinit)
                0x0000000000001c00                . = ALIGN (0x2)
                [!provide]                        PROVIDE (__noinit_end, .)

.heap           0x0000000000001c00        0x4
                0x0000000000001c00                . = ALIGN (0x2)
                0x0000000000001c00                __heap_start__ = .
                0x0000000000001c00                _end = __heap_start__
                [!provide]                        PROVIDE (end, .)
 *(.heap)
                0x0000000000001c00                _end = .
                [!provide]                        PROVIDE (end, .)
                0x0000000000001c00        0x4 LONG 0x0
                0x0000000000001c04                __heap_end__ = .
                0x0000000000001c04                __HeapLimit = __heap_end__

.stack          0x0000000000002400        0x0
                0x0000000000002400                PROVIDE (__stack, .)
 *(.stack)

.lower.text     0x0000000000004406        0x0
                0x0000000000004406                . = ALIGN (0x2)
 *(.lower.text.* .lower.text)

.text           0x0000000000004406      0x154
                0x0000000000004406                PROVIDE (_start, .)
                0x0000000000004406                . = ALIGN (0x2)
 *(SORT(.crt_*))
 .crt_0000start
                0x0000000000004406        0x4 c:/ti/ccs1000/ccs/tools/compiler/msp430-gcc-8.3.1.25_win64/bin/../lib/gcc/msp430-elf/8.3.1/../../../../msp430-elf/lib/large/crt0.o
                0x0000000000004406                __crt0_start
 .crt_0800call_main
                0x000000000000440a        0x6 c:/ti/ccs1000/ccs/tools/compiler/msp430-gcc-8.3.1.25_win64/bin/../lib/gcc/msp430-elf/8.3.1/../../../../msp430-elf/lib/large\libcrt.a(crt_main.o)
                0x000000000000440a                __crt0_call_main
                0x0000000000004410                . = ALIGN (0x2)
 *(.lowtext)
 .lowtext       0x0000000000004410       0x28 ./UART_communication/UART_communication.o
                0x0000000000004410                USCI_A1_ISR
                0x0000000000004438                . = ALIGN (0x2)
 *(.text .stub .text.* .gnu.linkonce.t.* .text:*)
 .text          0x0000000000004438       0x48 ./main.o
                0x0000000000004438                main
 .text          0x0000000000004480       0xda ./UART_communication/UART_communication.o
                0x0000000000004480                init_GPIO
                0x0000000000004498                init_clocks
                0x00000000000044e8                init_communication
                0x0000000000004514                init_timer
                0x000000000000451c                send_data
                0x0000000000004526                send_data_pointer
 *(.text.*personality*)
 *(.gnu.warning)
 *(.interp .hash .dynsym .dynstr .gnu.version*)
                [!provide]                        PROVIDE (__etext, .)
                [!provide]                        PROVIDE (_etext, .)
                [!provide]                        PROVIDE (etext, .)
                0x000000000000455a                . = ALIGN (0x2)
 *(.init)
 *(.fini)
 *(.tm_clone_table)

.upper.text     0x0000000000010002        0x0
                0x0000000000010002                . = ALIGN (0x2)
 *(.upper.text.* .upper.text)

.infoA

.infoB

.infoC

.infoD

.MSP430.attributes
                0x0000000000000000       0x26
 *(.MSP430.attributes)
 .MSP430.attributes
                0x0000000000000000       0x26 c:/ti/ccs1000/ccs/tools/compiler/msp430-gcc-8.3.1.25_win64/bin/../lib/gcc/msp430-elf/8.3.1/../../../../msp430-elf/lib/large/crt0.o
 .MSP430.attributes
                0x0000000000000026       0x26 c:/ti/ccs1000/ccs/tools/compiler/msp430-gcc-8.3.1.25_win64/bin/../lib/gcc/msp430-elf/8.3.1/large/crtbegin_no_eh.o
 .MSP430.attributes
                0x000000000000004c       0x26 ./main.o
 .MSP430.attributes
                0x0000000000000072       0x26 ./UART_communication/UART_communication.o
 .MSP430.attributes
                0x0000000000000098       0x26 c:/ti/ccs1000/ccs/tools/compiler/msp430-gcc-8.3.1.25_win64/bin/../lib/gcc/msp430-elf/8.3.1/../../../../msp430-elf/lib/large\libcrt.a(crt_main.o)
 .MSP430.attributes
                0x00000000000000be       0x26 c:/ti/ccs1000/ccs/tools/compiler/msp430-gcc-8.3.1.25_win64/bin/../lib/gcc/msp430-elf/8.3.1/large/crtend_no_eh.o
 *(.gnu.attributes)
 *(__TI_build_attributes)

.stab
 *(.stab)

.stabstr
 *(.stabstr)

.stab.excl
 *(.stab.excl)

.stab.exclstr
 *(.stab.exclstr)

.stab.index
 *(.stab.index)

.stab.indexstr
 *(.stab.indexstr)

.comment        0x0000000000000000       0x39
 *(.comment)
 .comment       0x0000000000000000       0x39 c:/ti/ccs1000/ccs/tools/compiler/msp430-gcc-8.3.1.25_win64/bin/../lib/gcc/msp430-elf/8.3.1/large/crtbegin_no_eh.o
                                         0x3a (size before relaxing)
 .comment       0x0000000000000039       0x3a ./main.o
 .comment       0x0000000000000039       0x3a ./UART_communication/UART_communication.o
 .comment       0x0000000000000039       0x3a c:/ti/ccs1000/ccs/tools/compiler/msp430-gcc-8.3.1.25_win64/bin/../lib/gcc/msp430-elf/8.3.1/large/crtend_no_eh.o

.debug
 *(.debug)

.line
 *(.line)

.debug_srcinfo
 *(.debug_srcinfo)

.debug_sfnames
 *(.debug_sfnames)

.debug_aranges  0x0000000000000000       0x48
 *(.debug_aranges)
 .debug_aranges
                0x0000000000000000       0x20 ./main.o
 .debug_aranges
                0x0000000000000020       0x28 ./UART_communication/UART_communication.o

.debug_pubnames
 *(.debug_pubnames)

.debug_info     0x0000000000000000     0xb40d
 *(.debug_info .gnu.linkonce.wi.*)
 .debug_info    0x0000000000000000     0x59b4 ./main.o
 .debug_info    0x00000000000059b4     0x5a59 ./UART_communication/UART_communication.o

.debug_abbrev   0x0000000000000000      0x3c4
 *(.debug_abbrev)
 .debug_abbrev  0x0000000000000000      0x1d2 ./main.o
 .debug_abbrev  0x00000000000001d2      0x1f2 ./UART_communication/UART_communication.o

.debug_line     0x0000000000000000      0x691
 *(.debug_line .debug_line.* .debug_line_end)
 .debug_line    0x0000000000000000      0x1fa ./main.o
 .debug_line    0x00000000000001fa      0x497 ./UART_communication/UART_communication.o

.debug_frame    0x0000000000000000       0xc0
 *(.debug_frame)
 .debug_frame   0x0000000000000000       0x30 ./main.o
 .debug_frame   0x0000000000000030       0x90 ./UART_communication/UART_communication.o

.debug_str      0x0000000000000000     0x3b79
 *(.debug_str)
 .debug_str     0x0000000000000000     0x39f0 ./main.o
                                       0x3a65 (size before relaxing)
 .debug_str     0x00000000000039f0      0x189 ./UART_communication/UART_communication.o
                                       0x3b0d (size before relaxing)

.debug_loc      0x0000000000000000       0x70
 *(.debug_loc)
 .debug_loc     0x0000000000000000       0x1e ./main.o
 .debug_loc     0x000000000000001e       0x52 ./UART_communication/UART_communication.o

.debug_macinfo
 *(.debug_macinfo)

.debug_weaknames
 *(.debug_weaknames)

.debug_funcnames
 *(.debug_funcnames)

.debug_typenames
 *(.debug_typenames)

.debug_varnames
 *(.debug_varnames)

.debug_pubtypes
 *(.debug_pubtypes)

.debug_ranges   0x0000000000000000       0x18
 *(.debug_ranges)
 .debug_ranges  0x0000000000000000       0x18 ./UART_communication/UART_communication.o

.debug_macro
 *(.debug_macro)

/DISCARD/
 *(.note.GNU-stack)
                [!provide]                        PROVIDE (ADC12CTL0, 0x800)
                [!provide]                        PROVIDE (ADC12CTL0_L, 0x800)
                [!provide]                        PROVIDE (ADC12CTL0_H, 0x801)
                [!provide]                        PROVIDE (ADC12CTL1, 0x802)
                [!provide]                        PROVIDE (ADC12CTL1_L, 0x802)
                [!provide]                        PROVIDE (ADC12CTL1_H, 0x803)
                [!provide]                        PROVIDE (ADC12CTL2, 0x804)
                [!provide]                        PROVIDE (ADC12CTL2_L, 0x804)
                [!provide]                        PROVIDE (ADC12CTL2_H, 0x805)
                [!provide]                        PROVIDE (ADC12CTL3, 0x806)
                [!provide]                        PROVIDE (ADC12CTL3_L, 0x806)
                [!provide]                        PROVIDE (ADC12CTL3_H, 0x807)
                [!provide]                        PROVIDE (ADC12LO, 0x808)
                [!provide]                        PROVIDE (ADC12LO_L, 0x808)
                [!provide]                        PROVIDE (ADC12LO_H, 0x809)
                [!provide]                        PROVIDE (ADC12HI, 0x80a)
                [!provide]                        PROVIDE (ADC12HI_L, 0x80a)
                [!provide]                        PROVIDE (ADC12HI_H, 0x80b)
                [!provide]                        PROVIDE (ADC12IFGR0, 0x80c)
                [!provide]                        PROVIDE (ADC12IFGR0_L, 0x80c)
                [!provide]                        PROVIDE (ADC12IFGR0_H, 0x80d)
                [!provide]                        PROVIDE (ADC12IFGR1, 0x80e)
                [!provide]                        PROVIDE (ADC12IFGR1_L, 0x80e)
                [!provide]                        PROVIDE (ADC12IFGR1_H, 0x80f)
                [!provide]                        PROVIDE (ADC12IFGR2, 0x810)
                [!provide]                        PROVIDE (ADC12IFGR2_L, 0x810)
                [!provide]                        PROVIDE (ADC12IFGR2_H, 0x811)
                [!provide]                        PROVIDE (ADC12IER0, 0x812)
                [!provide]                        PROVIDE (ADC12IER0_L, 0x812)
                [!provide]                        PROVIDE (ADC12IER0_H, 0x813)
                [!provide]                        PROVIDE (ADC12IER1, 0x814)
                [!provide]                        PROVIDE (ADC12IER1_L, 0x814)
                [!provide]                        PROVIDE (ADC12IER1_H, 0x815)
                [!provide]                        PROVIDE (ADC12IER2, 0x816)
                [!provide]                        PROVIDE (ADC12IER2_L, 0x816)
                [!provide]                        PROVIDE (ADC12IER2_H, 0x817)
                [!provide]                        PROVIDE (ADC12IV, 0x818)
                [!provide]                        PROVIDE (ADC12IV_L, 0x818)
                [!provide]                        PROVIDE (ADC12IV_H, 0x819)
                [!provide]                        PROVIDE (ADC12MCTL0, 0x820)
                [!provide]                        PROVIDE (ADC12MCTL0_L, 0x820)
                [!provide]                        PROVIDE (ADC12MCTL0_H, 0x821)
                [!provide]                        PROVIDE (ADC12MCTL1, 0x822)
                [!provide]                        PROVIDE (ADC12MCTL1_L, 0x822)
                [!provide]                        PROVIDE (ADC12MCTL1_H, 0x823)
                [!provide]                        PROVIDE (ADC12MCTL2, 0x824)
                [!provide]                        PROVIDE (ADC12MCTL2_L, 0x824)
                [!provide]                        PROVIDE (ADC12MCTL2_H, 0x825)
                [!provide]                        PROVIDE (ADC12MCTL3, 0x826)
                [!provide]                        PROVIDE (ADC12MCTL3_L, 0x826)
                [!provide]                        PROVIDE (ADC12MCTL3_H, 0x827)
                [!provide]                        PROVIDE (ADC12MCTL4, 0x828)
                [!provide]                        PROVIDE (ADC12MCTL4_L, 0x828)
                [!provide]                        PROVIDE (ADC12MCTL4_H, 0x829)
                [!provide]                        PROVIDE (ADC12MCTL5, 0x82a)
                [!provide]                        PROVIDE (ADC12MCTL5_L, 0x82a)
                [!provide]                        PROVIDE (ADC12MCTL5_H, 0x82b)
                [!provide]                        PROVIDE (ADC12MCTL6, 0x82c)
                [!provide]                        PROVIDE (ADC12MCTL6_L, 0x82c)
                [!provide]                        PROVIDE (ADC12MCTL6_H, 0x82d)
                [!provide]                        PROVIDE (ADC12MCTL7, 0x82e)
                [!provide]                        PROVIDE (ADC12MCTL7_L, 0x82e)
                [!provide]                        PROVIDE (ADC12MCTL7_H, 0x82f)
                [!provide]                        PROVIDE (ADC12MCTL8, 0x830)
                [!provide]                        PROVIDE (ADC12MCTL8_L, 0x830)
                [!provide]                        PROVIDE (ADC12MCTL8_H, 0x831)
                [!provide]                        PROVIDE (ADC12MCTL9, 0x832)
                [!provide]                        PROVIDE (ADC12MCTL9_L, 0x832)
                [!provide]                        PROVIDE (ADC12MCTL9_H, 0x833)
                [!provide]                        PROVIDE (ADC12MCTL10, 0x834)
                [!provide]                        PROVIDE (ADC12MCTL10_L, 0x834)
                [!provide]                        PROVIDE (ADC12MCTL10_H, 0x835)
                [!provide]                        PROVIDE (ADC12MCTL11, 0x836)
                [!provide]                        PROVIDE (ADC12MCTL11_L, 0x836)
                [!provide]                        PROVIDE (ADC12MCTL11_H, 0x837)
                [!provide]                        PROVIDE (ADC12MCTL12, 0x838)
                [!provide]                        PROVIDE (ADC12MCTL12_L, 0x838)
                [!provide]                        PROVIDE (ADC12MCTL12_H, 0x839)
                [!provide]                        PROVIDE (ADC12MCTL13, 0x83a)
                [!provide]                        PROVIDE (ADC12MCTL13_L, 0x83a)
                [!provide]                        PROVIDE (ADC12MCTL13_H, 0x83b)
                [!provide]                        PROVIDE (ADC12MCTL14, 0x83c)
                [!provide]                        PROVIDE (ADC12MCTL14_L, 0x83c)
                [!provide]                        PROVIDE (ADC12MCTL14_H, 0x83d)
                [!provide]                        PROVIDE (ADC12MCTL15, 0x83e)
                [!provide]                        PROVIDE (ADC12MCTL15_L, 0x83e)
                [!provide]                        PROVIDE (ADC12MCTL15_H, 0x83f)
                [!provide]                        PROVIDE (ADC12MCTL16, 0x840)
                [!provide]                        PROVIDE (ADC12MCTL16_L, 0x840)
                [!provide]                        PROVIDE (ADC12MCTL16_H, 0x841)
                [!provide]                        PROVIDE (ADC12MCTL17, 0x842)
                [!provide]                        PROVIDE (ADC12MCTL17_L, 0x842)
                [!provide]                        PROVIDE (ADC12MCTL17_H, 0x843)
                [!provide]                        PROVIDE (ADC12MCTL18, 0x844)
                [!provide]                        PROVIDE (ADC12MCTL18_L, 0x844)
                [!provide]                        PROVIDE (ADC12MCTL18_H, 0x845)
                [!provide]                        PROVIDE (ADC12MCTL19, 0x846)
                [!provide]                        PROVIDE (ADC12MCTL19_L, 0x846)
                [!provide]                        PROVIDE (ADC12MCTL19_H, 0x847)
                [!provide]                        PROVIDE (ADC12MCTL20, 0x848)
                [!provide]                        PROVIDE (ADC12MCTL20_L, 0x848)
                [!provide]                        PROVIDE (ADC12MCTL20_H, 0x849)
                [!provide]                        PROVIDE (ADC12MCTL21, 0x84a)
                [!provide]                        PROVIDE (ADC12MCTL21_L, 0x84a)
                [!provide]                        PROVIDE (ADC12MCTL21_H, 0x84b)
                [!provide]                        PROVIDE (ADC12MCTL22, 0x84c)
                [!provide]                        PROVIDE (ADC12MCTL22_L, 0x84c)
                [!provide]                        PROVIDE (ADC12MCTL22_H, 0x84d)
                [!provide]                        PROVIDE (ADC12MCTL23, 0x84e)
                [!provide]                        PROVIDE (ADC12MCTL23_L, 0x84e)
                [!provide]                        PROVIDE (ADC12MCTL23_H, 0x84f)
                [!provide]                        PROVIDE (ADC12MCTL24, 0x850)
                [!provide]                        PROVIDE (ADC12MCTL24_L, 0x850)
                [!provide]                        PROVIDE (ADC12MCTL24_H, 0x851)
                [!provide]                        PROVIDE (ADC12MCTL25, 0x852)
                [!provide]                        PROVIDE (ADC12MCTL25_L, 0x852)
                [!provide]                        PROVIDE (ADC12MCTL25_H, 0x853)
                [!provide]                        PROVIDE (ADC12MCTL26, 0x854)
                [!provide]                        PROVIDE (ADC12MCTL26_L, 0x854)
                [!provide]                        PROVIDE (ADC12MCTL26_H, 0x855)
                [!provide]                        PROVIDE (ADC12MCTL27, 0x856)
                [!provide]                        PROVIDE (ADC12MCTL27_L, 0x856)
                [!provide]                        PROVIDE (ADC12MCTL27_H, 0x857)
                [!provide]                        PROVIDE (ADC12MCTL28, 0x858)
                [!provide]                        PROVIDE (ADC12MCTL28_L, 0x858)
                [!provide]                        PROVIDE (ADC12MCTL28_H, 0x859)
                [!provide]                        PROVIDE (ADC12MCTL29, 0x85a)
                [!provide]                        PROVIDE (ADC12MCTL29_L, 0x85a)
                [!provide]                        PROVIDE (ADC12MCTL29_H, 0x85b)
                [!provide]                        PROVIDE (ADC12MCTL30, 0x85c)
                [!provide]                        PROVIDE (ADC12MCTL30_L, 0x85c)
                [!provide]                        PROVIDE (ADC12MCTL30_H, 0x85d)
                [!provide]                        PROVIDE (ADC12MCTL31, 0x85e)
                [!provide]                        PROVIDE (ADC12MCTL31_L, 0x85e)
                [!provide]                        PROVIDE (ADC12MCTL31_H, 0x85f)
                [!provide]                        PROVIDE (ADC12MEM0, 0x860)
                [!provide]                        PROVIDE (ADC12MEM0_L, 0x860)
                [!provide]                        PROVIDE (ADC12MEM0_H, 0x861)
                [!provide]                        PROVIDE (ADC12MEM1, 0x862)
                [!provide]                        PROVIDE (ADC12MEM1_L, 0x862)
                [!provide]                        PROVIDE (ADC12MEM1_H, 0x863)
                [!provide]                        PROVIDE (ADC12MEM2, 0x864)
                [!provide]                        PROVIDE (ADC12MEM2_L, 0x864)
                [!provide]                        PROVIDE (ADC12MEM2_H, 0x865)
                [!provide]                        PROVIDE (ADC12MEM3, 0x866)
                [!provide]                        PROVIDE (ADC12MEM3_L, 0x866)
                [!provide]                        PROVIDE (ADC12MEM3_H, 0x867)
                [!provide]                        PROVIDE (ADC12MEM4, 0x868)
                [!provide]                        PROVIDE (ADC12MEM4_L, 0x868)
                [!provide]                        PROVIDE (ADC12MEM4_H, 0x869)
                [!provide]                        PROVIDE (ADC12MEM5, 0x86a)
                [!provide]                        PROVIDE (ADC12MEM5_L, 0x86a)
                [!provide]                        PROVIDE (ADC12MEM5_H, 0x86b)
                [!provide]                        PROVIDE (ADC12MEM6, 0x86c)
                [!provide]                        PROVIDE (ADC12MEM6_L, 0x86c)
                [!provide]                        PROVIDE (ADC12MEM6_H, 0x86d)
                [!provide]                        PROVIDE (ADC12MEM7, 0x86e)
                [!provide]                        PROVIDE (ADC12MEM7_L, 0x86e)
                [!provide]                        PROVIDE (ADC12MEM7_H, 0x86f)
                [!provide]                        PROVIDE (ADC12MEM8, 0x870)
                [!provide]                        PROVIDE (ADC12MEM8_L, 0x870)
                [!provide]                        PROVIDE (ADC12MEM8_H, 0x871)
                [!provide]                        PROVIDE (ADC12MEM9, 0x872)
                [!provide]                        PROVIDE (ADC12MEM9_L, 0x872)
                [!provide]                        PROVIDE (ADC12MEM9_H, 0x873)
                [!provide]                        PROVIDE (ADC12MEM10, 0x874)
                [!provide]                        PROVIDE (ADC12MEM10_L, 0x874)
                [!provide]                        PROVIDE (ADC12MEM10_H, 0x875)
                [!provide]                        PROVIDE (ADC12MEM11, 0x876)
                [!provide]                        PROVIDE (ADC12MEM11_L, 0x876)
                [!provide]                        PROVIDE (ADC12MEM11_H, 0x877)
                [!provide]                        PROVIDE (ADC12MEM12, 0x878)
                [!provide]                        PROVIDE (ADC12MEM12_L, 0x878)
                [!provide]                        PROVIDE (ADC12MEM12_H, 0x879)
                [!provide]                        PROVIDE (ADC12MEM13, 0x87a)
                [!provide]                        PROVIDE (ADC12MEM13_L, 0x87a)
                [!provide]                        PROVIDE (ADC12MEM13_H, 0x87b)
                [!provide]                        PROVIDE (ADC12MEM14, 0x87c)
                [!provide]                        PROVIDE (ADC12MEM14_L, 0x87c)
                [!provide]                        PROVIDE (ADC12MEM14_H, 0x87d)
                [!provide]                        PROVIDE (ADC12MEM15, 0x87e)
                [!provide]                        PROVIDE (ADC12MEM15_L, 0x87e)
                [!provide]                        PROVIDE (ADC12MEM15_H, 0x87f)
                [!provide]                        PROVIDE (ADC12MEM16, 0x880)
                [!provide]                        PROVIDE (ADC12MEM16_L, 0x880)
                [!provide]                        PROVIDE (ADC12MEM16_H, 0x881)
                [!provide]                        PROVIDE (ADC12MEM17, 0x882)
                [!provide]                        PROVIDE (ADC12MEM17_L, 0x882)
                [!provide]                        PROVIDE (ADC12MEM17_H, 0x883)
                [!provide]                        PROVIDE (ADC12MEM18, 0x884)
                [!provide]                        PROVIDE (ADC12MEM18_L, 0x884)
                [!provide]                        PROVIDE (ADC12MEM18_H, 0x885)
                [!provide]                        PROVIDE (ADC12MEM19, 0x886)
                [!provide]                        PROVIDE (ADC12MEM19_L, 0x886)
                [!provide]                        PROVIDE (ADC12MEM19_H, 0x887)
                [!provide]                        PROVIDE (ADC12MEM20, 0x888)
                [!provide]                        PROVIDE (ADC12MEM20_L, 0x888)
                [!provide]                        PROVIDE (ADC12MEM20_H, 0x889)
                [!provide]                        PROVIDE (ADC12MEM21, 0x88a)
                [!provide]                        PROVIDE (ADC12MEM21_L, 0x88a)
                [!provide]                        PROVIDE (ADC12MEM21_H, 0x88b)
                [!provide]                        PROVIDE (ADC12MEM22, 0x88c)
                [!provide]                        PROVIDE (ADC12MEM22_L, 0x88c)
                [!provide]                        PROVIDE (ADC12MEM22_H, 0x88d)
                [!provide]                        PROVIDE (ADC12MEM23, 0x88e)
                [!provide]                        PROVIDE (ADC12MEM23_L, 0x88e)
                [!provide]                        PROVIDE (ADC12MEM23_H, 0x88f)
                [!provide]                        PROVIDE (ADC12MEM24, 0x890)
                [!provide]                        PROVIDE (ADC12MEM24_L, 0x890)
                [!provide]                        PROVIDE (ADC12MEM24_H, 0x891)
                [!provide]                        PROVIDE (ADC12MEM25, 0x892)
                [!provide]                        PROVIDE (ADC12MEM25_L, 0x892)
                [!provide]                        PROVIDE (ADC12MEM25_H, 0x893)
                [!provide]                        PROVIDE (ADC12MEM26, 0x894)
                [!provide]                        PROVIDE (ADC12MEM26_L, 0x894)
                [!provide]                        PROVIDE (ADC12MEM26_H, 0x895)
                [!provide]                        PROVIDE (ADC12MEM27, 0x896)
                [!provide]                        PROVIDE (ADC12MEM27_L, 0x896)
                [!provide]                        PROVIDE (ADC12MEM27_H, 0x897)
                [!provide]                        PROVIDE (ADC12MEM28, 0x898)
                [!provide]                        PROVIDE (ADC12MEM28_L, 0x898)
                [!provide]                        PROVIDE (ADC12MEM28_H, 0x899)
                [!provide]                        PROVIDE (ADC12MEM29, 0x89a)
                [!provide]                        PROVIDE (ADC12MEM29_L, 0x89a)
                [!provide]                        PROVIDE (ADC12MEM29_H, 0x89b)
                [!provide]                        PROVIDE (ADC12MEM30, 0x89c)
                [!provide]                        PROVIDE (ADC12MEM30_L, 0x89c)
                [!provide]                        PROVIDE (ADC12MEM30_H, 0x89d)
                [!provide]                        PROVIDE (ADC12MEM31, 0x89e)
                [!provide]                        PROVIDE (ADC12MEM31_L, 0x89e)
                [!provide]                        PROVIDE (ADC12MEM31_H, 0x89f)
                [!provide]                        PROVIDE (AESACTL0, 0x9c0)
                [!provide]                        PROVIDE (AESACTL0_L, 0x9c0)
                [!provide]                        PROVIDE (AESACTL0_H, 0x9c1)
                [!provide]                        PROVIDE (AESACTL1, 0x9c2)
                [!provide]                        PROVIDE (AESACTL1_L, 0x9c2)
                [!provide]                        PROVIDE (AESACTL1_H, 0x9c3)
                [!provide]                        PROVIDE (AESASTAT, 0x9c4)
                [!provide]                        PROVIDE (AESASTAT_L, 0x9c4)
                [!provide]                        PROVIDE (AESASTAT_H, 0x9c5)
                [!provide]                        PROVIDE (AESAKEY, 0x9c6)
                [!provide]                        PROVIDE (AESAKEY_L, 0x9c6)
                [!provide]                        PROVIDE (AESAKEY_H, 0x9c7)
                [!provide]                        PROVIDE (AESADIN, 0x9c8)
                [!provide]                        PROVIDE (AESADIN_L, 0x9c8)
                [!provide]                        PROVIDE (AESADIN_H, 0x9c9)
                [!provide]                        PROVIDE (AESADOUT, 0x9ca)
                [!provide]                        PROVIDE (AESADOUT_L, 0x9ca)
                [!provide]                        PROVIDE (AESADOUT_H, 0x9cb)
                [!provide]                        PROVIDE (AESAXDIN, 0x9cc)
                [!provide]                        PROVIDE (AESAXDIN_L, 0x9cc)
                [!provide]                        PROVIDE (AESAXDIN_H, 0x9cd)
                [!provide]                        PROVIDE (AESAXIN, 0x9ce)
                [!provide]                        PROVIDE (AESAXIN_L, 0x9ce)
                [!provide]                        PROVIDE (AESAXIN_H, 0x9cf)
                [!provide]                        PROVIDE (CAPTIO0CTL, 0x43e)
                [!provide]                        PROVIDE (CAPTIO0CTL_L, 0x43e)
                [!provide]                        PROVIDE (CAPTIO0CTL_H, 0x43f)
                [!provide]                        PROVIDE (CAPTIO1CTL, 0x47e)
                [!provide]                        PROVIDE (CAPTIO1CTL_L, 0x47e)
                [!provide]                        PROVIDE (CAPTIO1CTL_H, 0x47f)
                [!provide]                        PROVIDE (CECTL0, 0x8c0)
                [!provide]                        PROVIDE (CECTL0_L, 0x8c0)
                [!provide]                        PROVIDE (CECTL0_H, 0x8c1)
                [!provide]                        PROVIDE (CECTL1, 0x8c2)
                [!provide]                        PROVIDE (CECTL1_L, 0x8c2)
                [!provide]                        PROVIDE (CECTL1_H, 0x8c3)
                [!provide]                        PROVIDE (CECTL2, 0x8c4)
                [!provide]                        PROVIDE (CECTL2_L, 0x8c4)
                [!provide]                        PROVIDE (CECTL2_H, 0x8c5)
                [!provide]                        PROVIDE (CECTL3, 0x8c6)
                [!provide]                        PROVIDE (CECTL3_L, 0x8c6)
                [!provide]                        PROVIDE (CECTL3_H, 0x8c7)
                [!provide]                        PROVIDE (CEINT, 0x8cc)
                [!provide]                        PROVIDE (CEINT_L, 0x8cc)
                [!provide]                        PROVIDE (CEINT_H, 0x8cd)
                [!provide]                        PROVIDE (CEIV, 0x8ce)
                [!provide]                        PROVIDE (CEIV_L, 0x8ce)
                [!provide]                        PROVIDE (CEIV_H, 0x8cf)
                [!provide]                        PROVIDE (CRCDI, 0x150)
                [!provide]                        PROVIDE (CRCDI_L, 0x150)
                [!provide]                        PROVIDE (CRCDI_H, 0x151)
                [!provide]                        PROVIDE (CRCDIRB, 0x152)
                [!provide]                        PROVIDE (CRCDIRB_L, 0x152)
                [!provide]                        PROVIDE (CRCDIRB_H, 0x153)
                [!provide]                        PROVIDE (CRCINIRES, 0x154)
                [!provide]                        PROVIDE (CRCINIRES_L, 0x154)
                [!provide]                        PROVIDE (CRCINIRES_H, 0x155)
                [!provide]                        PROVIDE (CRCRESR, 0x156)
                [!provide]                        PROVIDE (CRCRESR_L, 0x156)
                [!provide]                        PROVIDE (CRCRESR_H, 0x157)
                [!provide]                        PROVIDE (CRC32DIW0, 0x980)
                [!provide]                        PROVIDE (CRC32DIW0_L, 0x980)
                [!provide]                        PROVIDE (CRC32DIW0_H, 0x981)
                [!provide]                        PROVIDE (CRC32DIW1, 0x982)
                [!provide]                        PROVIDE (CRC32DIW1_L, 0x982)
                [!provide]                        PROVIDE (CRC32DIW1_H, 0x983)
                [!provide]                        PROVIDE (CRC32DIRBW1, 0x984)
                [!provide]                        PROVIDE (CRC32DIRBW1_L, 0x984)
                [!provide]                        PROVIDE (CRC32DIRBW1_H, 0x985)
                [!provide]                        PROVIDE (CRC32DIRBW0, 0x986)
                [!provide]                        PROVIDE (CRC32DIRBW0_L, 0x986)
                [!provide]                        PROVIDE (CRC32DIRBW0_H, 0x987)
                [!provide]                        PROVIDE (CRC32INIRESW0, 0x988)
                [!provide]                        PROVIDE (CRC32INIRESW0_L, 0x988)
                [!provide]                        PROVIDE (CRC32INIRESW0_H, 0x989)
                [!provide]                        PROVIDE (CRC32INIRESW1, 0x98a)
                [!provide]                        PROVIDE (CRC32INIRESW1_L, 0x98a)
                [!provide]                        PROVIDE (CRC32INIRESW1_H, 0x98b)
                [!provide]                        PROVIDE (CRC32RESRW1, 0x98c)
                [!provide]                        PROVIDE (CRC32RESRW1_L, 0x98c)
                [!provide]                        PROVIDE (CRC32RESRW1_H, 0x98d)
                [!provide]                        PROVIDE (CRC32RESRW0, 0x98e)
                [!provide]                        PROVIDE (CRC32RESRW0_L, 0x98e)
                [!provide]                        PROVIDE (CRC32RESRW0_H, 0x98f)
                [!provide]                        PROVIDE (CRC16DIW0, 0x990)
                [!provide]                        PROVIDE (CRC16DIW0_L, 0x990)
                [!provide]                        PROVIDE (CRC16DIW0_H, 0x991)
                [!provide]                        PROVIDE (CRC16DIW1, 0x992)
                [!provide]                        PROVIDE (CRC16DIW1_L, 0x992)
                [!provide]                        PROVIDE (CRC16DIW1_H, 0x993)
                [!provide]                        PROVIDE (CRC16DIRBW1, 0x994)
                [!provide]                        PROVIDE (CRC16DIRBW1_L, 0x994)
                [!provide]                        PROVIDE (CRC16DIRBW1_H, 0x995)
                [!provide]                        PROVIDE (CRC16DIRBW0, 0x996)
                [!provide]                        PROVIDE (CRC16DIRBW0_L, 0x996)
                [!provide]                        PROVIDE (CRC16DIRBW0_H, 0x997)
                [!provide]                        PROVIDE (CRC16INIRESW0, 0x998)
                [!provide]                        PROVIDE (CRC16INIRESW0_L, 0x998)
                [!provide]                        PROVIDE (CRC16INIRESW0_H, 0x999)
                [!provide]                        PROVIDE (CRC16RESRW0, 0x99e)
                [!provide]                        PROVIDE (CRC16RESRW0_L, 0x99e)
                [!provide]                        PROVIDE (CRC16RESRW0_H, 0x99f)
                [!provide]                        PROVIDE (CRC16RESRW1, 0x99c)
                [!provide]                        PROVIDE (CRC16RESRW1_L, 0x99c)
                [!provide]                        PROVIDE (CRC16RESRW1_H, 0x99d)
                [!provide]                        PROVIDE (CSCTL0, 0x160)
                [!provide]                        PROVIDE (CSCTL0_L, 0x160)
                0x0000000000000161                PROVIDE (CSCTL0_H, 0x161)
                0x0000000000000162                PROVIDE (CSCTL1, 0x162)
                [!provide]                        PROVIDE (CSCTL1_L, 0x162)
                [!provide]                        PROVIDE (CSCTL1_H, 0x163)
                0x0000000000000164                PROVIDE (CSCTL2, 0x164)
                [!provide]                        PROVIDE (CSCTL2_L, 0x164)
                [!provide]                        PROVIDE (CSCTL2_H, 0x165)
                0x0000000000000166                PROVIDE (CSCTL3, 0x166)
                [!provide]                        PROVIDE (CSCTL3_L, 0x166)
                [!provide]                        PROVIDE (CSCTL3_H, 0x167)
                0x0000000000000168                PROVIDE (CSCTL4, 0x168)
                [!provide]                        PROVIDE (CSCTL4_L, 0x168)
                [!provide]                        PROVIDE (CSCTL4_H, 0x169)
                0x000000000000016a                PROVIDE (CSCTL5, 0x16a)
                [!provide]                        PROVIDE (CSCTL5_L, 0x16a)
                [!provide]                        PROVIDE (CSCTL5_H, 0x16b)
                [!provide]                        PROVIDE (CSCTL6, 0x16c)
                [!provide]                        PROVIDE (CSCTL6_L, 0x16c)
                [!provide]                        PROVIDE (CSCTL6_H, 0x16d)
                [!provide]                        PROVIDE (DMACTL0, 0x500)
                [!provide]                        PROVIDE (DMACTL1, 0x502)
                [!provide]                        PROVIDE (DMACTL2, 0x504)
                [!provide]                        PROVIDE (DMACTL3, 0x506)
                [!provide]                        PROVIDE (DMACTL4, 0x508)
                [!provide]                        PROVIDE (DMAIV, 0x50e)
                [!provide]                        PROVIDE (DMA0CTL, 0x510)
                [!provide]                        PROVIDE (DMA0SA, 0x512)
                [!provide]                        PROVIDE (DMA0SAL, 0x512)
                [!provide]                        PROVIDE (DMA0DA, 0x516)
                [!provide]                        PROVIDE (DMA0DAL, 0x516)
                [!provide]                        PROVIDE (DMA0SZ, 0x51a)
                [!provide]                        PROVIDE (DMA1CTL, 0x520)
                [!provide]                        PROVIDE (DMA1SA, 0x522)
                [!provide]                        PROVIDE (DMA1SAL, 0x522)
                [!provide]                        PROVIDE (DMA1DA, 0x526)
                [!provide]                        PROVIDE (DMA1DAL, 0x526)
                [!provide]                        PROVIDE (DMA1SZ, 0x52a)
                [!provide]                        PROVIDE (DMA2CTL, 0x530)
                [!provide]                        PROVIDE (DMA2SA, 0x532)
                [!provide]                        PROVIDE (DMA2SAL, 0x532)
                [!provide]                        PROVIDE (DMA2DA, 0x536)
                [!provide]                        PROVIDE (DMA2DAL, 0x536)
                [!provide]                        PROVIDE (DMA2SZ, 0x53a)
                [!provide]                        PROVIDE (ESIDEBUG1, 0xd00)
                [!provide]                        PROVIDE (ESIDEBUG1_L, 0xd00)
                [!provide]                        PROVIDE (ESIDEBUG1_H, 0xd01)
                [!provide]                        PROVIDE (ESIDEBUG2, 0xd02)
                [!provide]                        PROVIDE (ESIDEBUG2_L, 0xd02)
                [!provide]                        PROVIDE (ESIDEBUG2_H, 0xd03)
                [!provide]                        PROVIDE (ESIDEBUG3, 0xd04)
                [!provide]                        PROVIDE (ESIDEBUG3_L, 0xd04)
                [!provide]                        PROVIDE (ESIDEBUG3_H, 0xd05)
                [!provide]                        PROVIDE (ESIDEBUG4, 0xd06)
                [!provide]                        PROVIDE (ESIDEBUG4_L, 0xd06)
                [!provide]                        PROVIDE (ESIDEBUG4_H, 0xd07)
                [!provide]                        PROVIDE (ESIDEBUG5, 0xd08)
                [!provide]                        PROVIDE (ESIDEBUG5_L, 0xd08)
                [!provide]                        PROVIDE (ESIDEBUG5_H, 0xd09)
                [!provide]                        PROVIDE (ESICNT0, 0xd10)
                [!provide]                        PROVIDE (ESICNT0_L, 0xd10)
                [!provide]                        PROVIDE (ESICNT0_H, 0xd11)
                [!provide]                        PROVIDE (ESICNT1, 0xd12)
                [!provide]                        PROVIDE (ESICNT1_L, 0xd12)
                [!provide]                        PROVIDE (ESICNT1_H, 0xd13)
                [!provide]                        PROVIDE (ESICNT2, 0xd14)
                [!provide]                        PROVIDE (ESICNT2_L, 0xd14)
                [!provide]                        PROVIDE (ESICNT2_H, 0xd15)
                [!provide]                        PROVIDE (ESICNT3, 0xd16)
                [!provide]                        PROVIDE (ESICNT3_L, 0xd16)
                [!provide]                        PROVIDE (ESICNT3_H, 0xd17)
                [!provide]                        PROVIDE (ESIIV, 0xd1a)
                [!provide]                        PROVIDE (ESIIV_L, 0xd1a)
                [!provide]                        PROVIDE (ESIIV_H, 0xd1b)
                [!provide]                        PROVIDE (ESIINT1, 0xd1c)
                [!provide]                        PROVIDE (ESIINT1_L, 0xd1c)
                [!provide]                        PROVIDE (ESIINT1_H, 0xd1d)
                [!provide]                        PROVIDE (ESIINT2, 0xd1e)
                [!provide]                        PROVIDE (ESIINT2_L, 0xd1e)
                [!provide]                        PROVIDE (ESIINT2_H, 0xd1f)
                [!provide]                        PROVIDE (ESIAFE, 0xd20)
                [!provide]                        PROVIDE (ESIAFE_L, 0xd20)
                [!provide]                        PROVIDE (ESIAFE_H, 0xd21)
                [!provide]                        PROVIDE (ESIPPU, 0xd22)
                [!provide]                        PROVIDE (ESIPPU_L, 0xd22)
                [!provide]                        PROVIDE (ESIPPU_H, 0xd23)
                [!provide]                        PROVIDE (ESITSM, 0xd24)
                [!provide]                        PROVIDE (ESITSM_L, 0xd24)
                [!provide]                        PROVIDE (ESITSM_H, 0xd25)
                [!provide]                        PROVIDE (ESIPSM, 0xd26)
                [!provide]                        PROVIDE (ESIPSM_L, 0xd26)
                [!provide]                        PROVIDE (ESIPSM_H, 0xd27)
                [!provide]                        PROVIDE (ESIOSC, 0xd28)
                [!provide]                        PROVIDE (ESIOSC_L, 0xd28)
                [!provide]                        PROVIDE (ESIOSC_H, 0xd29)
                [!provide]                        PROVIDE (ESICTL, 0xd2a)
                [!provide]                        PROVIDE (ESICTL_L, 0xd2a)
                [!provide]                        PROVIDE (ESICTL_H, 0xd2b)
                [!provide]                        PROVIDE (ESITHR1, 0xd2c)
                [!provide]                        PROVIDE (ESITHR1_L, 0xd2c)
                [!provide]                        PROVIDE (ESITHR1_H, 0xd2d)
                [!provide]                        PROVIDE (ESITHR2, 0xd2e)
                [!provide]                        PROVIDE (ESITHR2_L, 0xd2e)
                [!provide]                        PROVIDE (ESITHR2_H, 0xd2f)
                [!provide]                        PROVIDE (ESIDAC1R0, 0xd40)
                [!provide]                        PROVIDE (ESIDAC1R0_L, 0xd40)
                [!provide]                        PROVIDE (ESIDAC1R0_H, 0xd41)
                [!provide]                        PROVIDE (ESIDAC1R1, 0xd42)
                [!provide]                        PROVIDE (ESIDAC1R1_L, 0xd42)
                [!provide]                        PROVIDE (ESIDAC1R1_H, 0xd43)
                [!provide]                        PROVIDE (ESIDAC1R2, 0xd44)
                [!provide]                        PROVIDE (ESIDAC1R2_L, 0xd44)
                [!provide]                        PROVIDE (ESIDAC1R2_H, 0xd45)
                [!provide]                        PROVIDE (ESIDAC1R3, 0xd46)
                [!provide]                        PROVIDE (ESIDAC1R3_L, 0xd46)
                [!provide]                        PROVIDE (ESIDAC1R3_H, 0xd47)
                [!provide]                        PROVIDE (ESIDAC1R4, 0xd48)
                [!provide]                        PROVIDE (ESIDAC1R4_L, 0xd48)
                [!provide]                        PROVIDE (ESIDAC1R4_H, 0xd49)
                [!provide]                        PROVIDE (ESIDAC1R5, 0xd4a)
                [!provide]                        PROVIDE (ESIDAC1R5_L, 0xd4a)
                [!provide]                        PROVIDE (ESIDAC1R5_H, 0xd4b)
                [!provide]                        PROVIDE (ESIDAC1R6, 0xd4c)
                [!provide]                        PROVIDE (ESIDAC1R6_L, 0xd4c)
                [!provide]                        PROVIDE (ESIDAC1R6_H, 0xd4d)
                [!provide]                        PROVIDE (ESIDAC1R7, 0xd4e)
                [!provide]                        PROVIDE (ESIDAC1R7_L, 0xd4e)
                [!provide]                        PROVIDE (ESIDAC1R7_H, 0xd4f)
                [!provide]                        PROVIDE (ESIDAC2R0, 0xd50)
                [!provide]                        PROVIDE (ESIDAC2R0_L, 0xd50)
                [!provide]                        PROVIDE (ESIDAC2R0_H, 0xd51)
                [!provide]                        PROVIDE (ESIDAC2R1, 0xd52)
                [!provide]                        PROVIDE (ESIDAC2R1_L, 0xd52)
                [!provide]                        PROVIDE (ESIDAC2R1_H, 0xd53)
                [!provide]                        PROVIDE (ESIDAC2R2, 0xd54)
                [!provide]                        PROVIDE (ESIDAC2R2_L, 0xd54)
                [!provide]                        PROVIDE (ESIDAC2R2_H, 0xd55)
                [!provide]                        PROVIDE (ESIDAC2R3, 0xd56)
                [!provide]                        PROVIDE (ESIDAC2R3_L, 0xd56)
                [!provide]                        PROVIDE (ESIDAC2R3_H, 0xd57)
                [!provide]                        PROVIDE (ESIDAC2R4, 0xd58)
                [!provide]                        PROVIDE (ESIDAC2R4_L, 0xd58)
                [!provide]                        PROVIDE (ESIDAC2R4_H, 0xd59)
                [!provide]                        PROVIDE (ESIDAC2R5, 0xd5a)
                [!provide]                        PROVIDE (ESIDAC2R5_L, 0xd5a)
                [!provide]                        PROVIDE (ESIDAC2R5_H, 0xd5b)
                [!provide]                        PROVIDE (ESIDAC2R6, 0xd5c)
                [!provide]                        PROVIDE (ESIDAC2R6_L, 0xd5c)
                [!provide]                        PROVIDE (ESIDAC2R6_H, 0xd5d)
                [!provide]                        PROVIDE (ESIDAC2R7, 0xd5e)
                [!provide]                        PROVIDE (ESIDAC2R7_L, 0xd5e)
                [!provide]                        PROVIDE (ESIDAC2R7_H, 0xd5f)
                [!provide]                        PROVIDE (ESITSM0, 0xd60)
                [!provide]                        PROVIDE (ESITSM0_L, 0xd60)
                [!provide]                        PROVIDE (ESITSM0_H, 0xd61)
                [!provide]                        PROVIDE (ESITSM1, 0xd62)
                [!provide]                        PROVIDE (ESITSM1_L, 0xd62)
                [!provide]                        PROVIDE (ESITSM1_H, 0xd63)
                [!provide]                        PROVIDE (ESITSM2, 0xd64)
                [!provide]                        PROVIDE (ESITSM2_L, 0xd64)
                [!provide]                        PROVIDE (ESITSM2_H, 0xd65)
                [!provide]                        PROVIDE (ESITSM3, 0xd66)
                [!provide]                        PROVIDE (ESITSM3_L, 0xd66)
                [!provide]                        PROVIDE (ESITSM3_H, 0xd67)
                [!provide]                        PROVIDE (ESITSM4, 0xd68)
                [!provide]                        PROVIDE (ESITSM4_L, 0xd68)
                [!provide]                        PROVIDE (ESITSM4_H, 0xd69)
                [!provide]                        PROVIDE (ESITSM5, 0xd6a)
                [!provide]                        PROVIDE (ESITSM5_L, 0xd6a)
                [!provide]                        PROVIDE (ESITSM5_H, 0xd6b)
                [!provide]                        PROVIDE (ESITSM6, 0xd6c)
                [!provide]                        PROVIDE (ESITSM6_L, 0xd6c)
                [!provide]                        PROVIDE (ESITSM6_H, 0xd6d)
                [!provide]                        PROVIDE (ESITSM7, 0xd6e)
                [!provide]                        PROVIDE (ESITSM7_L, 0xd6e)
                [!provide]                        PROVIDE (ESITSM7_H, 0xd6f)
                [!provide]                        PROVIDE (ESITSM8, 0xd70)
                [!provide]                        PROVIDE (ESITSM8_L, 0xd70)
                [!provide]                        PROVIDE (ESITSM8_H, 0xd71)
                [!provide]                        PROVIDE (ESITSM9, 0xd72)
                [!provide]                        PROVIDE (ESITSM9_L, 0xd72)
                [!provide]                        PROVIDE (ESITSM9_H, 0xd73)
                [!provide]                        PROVIDE (ESITSM10, 0xd74)
                [!provide]                        PROVIDE (ESITSM10_L, 0xd74)
                [!provide]                        PROVIDE (ESITSM10_H, 0xd75)
                [!provide]                        PROVIDE (ESITSM11, 0xd76)
                [!provide]                        PROVIDE (ESITSM11_L, 0xd76)
                [!provide]                        PROVIDE (ESITSM11_H, 0xd77)
                [!provide]                        PROVIDE (ESITSM12, 0xd78)
                [!provide]                        PROVIDE (ESITSM12_L, 0xd78)
                [!provide]                        PROVIDE (ESITSM12_H, 0xd79)
                [!provide]                        PROVIDE (ESITSM13, 0xd7a)
                [!provide]                        PROVIDE (ESITSM13_L, 0xd7a)
                [!provide]                        PROVIDE (ESITSM13_H, 0xd7b)
                [!provide]                        PROVIDE (ESITSM14, 0xd7c)
                [!provide]                        PROVIDE (ESITSM14_L, 0xd7c)
                [!provide]                        PROVIDE (ESITSM14_H, 0xd7d)
                [!provide]                        PROVIDE (ESITSM15, 0xd7e)
                [!provide]                        PROVIDE (ESITSM15_L, 0xd7e)
                [!provide]                        PROVIDE (ESITSM15_H, 0xd7f)
                [!provide]                        PROVIDE (ESITSM16, 0xd80)
                [!provide]                        PROVIDE (ESITSM16_L, 0xd80)
                [!provide]                        PROVIDE (ESITSM16_H, 0xd81)
                [!provide]                        PROVIDE (ESITSM17, 0xd82)
                [!provide]                        PROVIDE (ESITSM17_L, 0xd82)
                [!provide]                        PROVIDE (ESITSM17_H, 0xd83)
                [!provide]                        PROVIDE (ESITSM18, 0xd84)
                [!provide]                        PROVIDE (ESITSM18_L, 0xd84)
                [!provide]                        PROVIDE (ESITSM18_H, 0xd85)
                [!provide]                        PROVIDE (ESITSM19, 0xd86)
                [!provide]                        PROVIDE (ESITSM19_L, 0xd86)
                [!provide]                        PROVIDE (ESITSM19_H, 0xd87)
                [!provide]                        PROVIDE (ESITSM20, 0xd88)
                [!provide]                        PROVIDE (ESITSM20_L, 0xd88)
                [!provide]                        PROVIDE (ESITSM20_H, 0xd89)
                [!provide]                        PROVIDE (ESITSM21, 0xd8a)
                [!provide]                        PROVIDE (ESITSM21_L, 0xd8a)
                [!provide]                        PROVIDE (ESITSM21_H, 0xd8b)
                [!provide]                        PROVIDE (ESITSM22, 0xd8c)
                [!provide]                        PROVIDE (ESITSM22_L, 0xd8c)
                [!provide]                        PROVIDE (ESITSM22_H, 0xd8d)
                [!provide]                        PROVIDE (ESITSM23, 0xd8e)
                [!provide]                        PROVIDE (ESITSM23_L, 0xd8e)
                [!provide]                        PROVIDE (ESITSM23_H, 0xd8f)
                [!provide]                        PROVIDE (ESITSM24, 0xd90)
                [!provide]                        PROVIDE (ESITSM24_L, 0xd90)
                [!provide]                        PROVIDE (ESITSM24_H, 0xd91)
                [!provide]                        PROVIDE (ESITSM25, 0xd92)
                [!provide]                        PROVIDE (ESITSM25_L, 0xd92)
                [!provide]                        PROVIDE (ESITSM25_H, 0xd93)
                [!provide]                        PROVIDE (ESITSM26, 0xd94)
                [!provide]                        PROVIDE (ESITSM26_L, 0xd94)
                [!provide]                        PROVIDE (ESITSM26_H, 0xd95)
                [!provide]                        PROVIDE (ESITSM27, 0xd96)
                [!provide]                        PROVIDE (ESITSM27_L, 0xd96)
                [!provide]                        PROVIDE (ESITSM27_H, 0xd97)
                [!provide]                        PROVIDE (ESITSM28, 0xd98)
                [!provide]                        PROVIDE (ESITSM28_L, 0xd98)
                [!provide]                        PROVIDE (ESITSM28_H, 0xd99)
                [!provide]                        PROVIDE (ESITSM29, 0xd9a)
                [!provide]                        PROVIDE (ESITSM29_L, 0xd9a)
                [!provide]                        PROVIDE (ESITSM29_H, 0xd9b)
                [!provide]                        PROVIDE (ESITSM30, 0xd9c)
                [!provide]                        PROVIDE (ESITSM30_L, 0xd9c)
                [!provide]                        PROVIDE (ESITSM30_H, 0xd9d)
                [!provide]                        PROVIDE (ESITSM31, 0xd9e)
                [!provide]                        PROVIDE (ESITSM31_L, 0xd9e)
                [!provide]                        PROVIDE (ESITSM31_H, 0xd9f)
                [!provide]                        PROVIDE (ESIRAM0, 0xe00)
                [!provide]                        PROVIDE (ESIRAM1, 0xe01)
                [!provide]                        PROVIDE (ESIRAM2, 0xe02)
                [!provide]                        PROVIDE (ESIRAM3, 0xe03)
                [!provide]                        PROVIDE (ESIRAM4, 0xe04)
                [!provide]                        PROVIDE (ESIRAM5, 0xe05)
                [!provide]                        PROVIDE (ESIRAM6, 0xe06)
                [!provide]                        PROVIDE (ESIRAM7, 0xe07)
                [!provide]                        PROVIDE (ESIRAM8, 0xe08)
                [!provide]                        PROVIDE (ESIRAM9, 0xe09)
                [!provide]                        PROVIDE (ESIRAM10, 0xe0a)
                [!provide]                        PROVIDE (ESIRAM11, 0xe0b)
                [!provide]                        PROVIDE (ESIRAM12, 0xe0c)
                [!provide]                        PROVIDE (ESIRAM13, 0xe0d)
                [!provide]                        PROVIDE (ESIRAM14, 0xe0e)
                [!provide]                        PROVIDE (ESIRAM15, 0xe0f)
                [!provide]                        PROVIDE (ESIRAM16, 0xe10)
                [!provide]                        PROVIDE (ESIRAM17, 0xe11)
                [!provide]                        PROVIDE (ESIRAM18, 0xe12)
                [!provide]                        PROVIDE (ESIRAM19, 0xe13)
                [!provide]                        PROVIDE (ESIRAM20, 0xe14)
                [!provide]                        PROVIDE (ESIRAM21, 0xe15)
                [!provide]                        PROVIDE (ESIRAM22, 0xe16)
                [!provide]                        PROVIDE (ESIRAM23, 0xe17)
                [!provide]                        PROVIDE (ESIRAM24, 0xe18)
                [!provide]                        PROVIDE (ESIRAM25, 0xe19)
                [!provide]                        PROVIDE (ESIRAM26, 0xe1a)
                [!provide]                        PROVIDE (ESIRAM27, 0xe1b)
                [!provide]                        PROVIDE (ESIRAM28, 0xe1c)
                [!provide]                        PROVIDE (ESIRAM29, 0xe1d)
                [!provide]                        PROVIDE (ESIRAM30, 0xe1e)
                [!provide]                        PROVIDE (ESIRAM31, 0xe1f)
                [!provide]                        PROVIDE (ESIRAM32, 0xe20)
                [!provide]                        PROVIDE (ESIRAM33, 0xe21)
                [!provide]                        PROVIDE (ESIRAM34, 0xe22)
                [!provide]                        PROVIDE (ESIRAM35, 0xe23)
                [!provide]                        PROVIDE (ESIRAM36, 0xe24)
                [!provide]                        PROVIDE (ESIRAM37, 0xe25)
                [!provide]                        PROVIDE (ESIRAM38, 0xe26)
                [!provide]                        PROVIDE (ESIRAM39, 0xe27)
                [!provide]                        PROVIDE (ESIRAM40, 0xe28)
                [!provide]                        PROVIDE (ESIRAM41, 0xe29)
                [!provide]                        PROVIDE (ESIRAM42, 0xe2a)
                [!provide]                        PROVIDE (ESIRAM43, 0xe2b)
                [!provide]                        PROVIDE (ESIRAM44, 0xe2c)
                [!provide]                        PROVIDE (ESIRAM45, 0xe2d)
                [!provide]                        PROVIDE (ESIRAM46, 0xe2e)
                [!provide]                        PROVIDE (ESIRAM47, 0xe2f)
                [!provide]                        PROVIDE (ESIRAM48, 0xe30)
                [!provide]                        PROVIDE (ESIRAM49, 0xe31)
                [!provide]                        PROVIDE (ESIRAM50, 0xe32)
                [!provide]                        PROVIDE (ESIRAM51, 0xe33)
                [!provide]                        PROVIDE (ESIRAM52, 0xe34)
                [!provide]                        PROVIDE (ESIRAM53, 0xe35)
                [!provide]                        PROVIDE (ESIRAM54, 0xe36)
                [!provide]                        PROVIDE (ESIRAM55, 0xe37)
                [!provide]                        PROVIDE (ESIRAM56, 0xe38)
                [!provide]                        PROVIDE (ESIRAM57, 0xe39)
                [!provide]                        PROVIDE (ESIRAM58, 0xe3a)
                [!provide]                        PROVIDE (ESIRAM59, 0xe3b)
                [!provide]                        PROVIDE (ESIRAM60, 0xe3c)
                [!provide]                        PROVIDE (ESIRAM61, 0xe3d)
                [!provide]                        PROVIDE (ESIRAM62, 0xe3e)
                [!provide]                        PROVIDE (ESIRAM63, 0xe3f)
                [!provide]                        PROVIDE (ESIRAM64, 0xe40)
                [!provide]                        PROVIDE (ESIRAM65, 0xe41)
                [!provide]                        PROVIDE (ESIRAM66, 0xe42)
                [!provide]                        PROVIDE (ESIRAM67, 0xe43)
                [!provide]                        PROVIDE (ESIRAM68, 0xe44)
                [!provide]                        PROVIDE (ESIRAM69, 0xe45)
                [!provide]                        PROVIDE (ESIRAM70, 0xe46)
                [!provide]                        PROVIDE (ESIRAM71, 0xe47)
                [!provide]                        PROVIDE (ESIRAM72, 0xe48)
                [!provide]                        PROVIDE (ESIRAM73, 0xe49)
                [!provide]                        PROVIDE (ESIRAM74, 0xe4a)
                [!provide]                        PROVIDE (ESIRAM75, 0xe4b)
                [!provide]                        PROVIDE (ESIRAM76, 0xe4c)
                [!provide]                        PROVIDE (ESIRAM77, 0xe4d)
                [!provide]                        PROVIDE (ESIRAM78, 0xe4e)
                [!provide]                        PROVIDE (ESIRAM79, 0xe4f)
                [!provide]                        PROVIDE (ESIRAM80, 0xe50)
                [!provide]                        PROVIDE (ESIRAM81, 0xe51)
                [!provide]                        PROVIDE (ESIRAM82, 0xe52)
                [!provide]                        PROVIDE (ESIRAM83, 0xe53)
                [!provide]                        PROVIDE (ESIRAM84, 0xe54)
                [!provide]                        PROVIDE (ESIRAM85, 0xe55)
                [!provide]                        PROVIDE (ESIRAM86, 0xe56)
                [!provide]                        PROVIDE (ESIRAM87, 0xe57)
                [!provide]                        PROVIDE (ESIRAM88, 0xe58)
                [!provide]                        PROVIDE (ESIRAM89, 0xe59)
                [!provide]                        PROVIDE (ESIRAM90, 0xe5a)
                [!provide]                        PROVIDE (ESIRAM91, 0xe5b)
                [!provide]                        PROVIDE (ESIRAM92, 0xe5c)
                [!provide]                        PROVIDE (ESIRAM93, 0xe5d)
                [!provide]                        PROVIDE (ESIRAM94, 0xe5e)
                [!provide]                        PROVIDE (ESIRAM95, 0xe5f)
                [!provide]                        PROVIDE (ESIRAM96, 0xe60)
                [!provide]                        PROVIDE (ESIRAM97, 0xe61)
                [!provide]                        PROVIDE (ESIRAM98, 0xe62)
                [!provide]                        PROVIDE (ESIRAM99, 0xe63)
                [!provide]                        PROVIDE (ESIRAM100, 0xe64)
                [!provide]                        PROVIDE (ESIRAM101, 0xe65)
                [!provide]                        PROVIDE (ESIRAM102, 0xe66)
                [!provide]                        PROVIDE (ESIRAM103, 0xe67)
                [!provide]                        PROVIDE (ESIRAM104, 0xe68)
                [!provide]                        PROVIDE (ESIRAM105, 0xe69)
                [!provide]                        PROVIDE (ESIRAM106, 0xe6a)
                [!provide]                        PROVIDE (ESIRAM107, 0xe6b)
                [!provide]                        PROVIDE (ESIRAM108, 0xe6c)
                [!provide]                        PROVIDE (ESIRAM109, 0xe6d)
                [!provide]                        PROVIDE (ESIRAM110, 0xe6e)
                [!provide]                        PROVIDE (ESIRAM111, 0xe6f)
                [!provide]                        PROVIDE (ESIRAM112, 0xe70)
                [!provide]                        PROVIDE (ESIRAM113, 0xe71)
                [!provide]                        PROVIDE (ESIRAM114, 0xe72)
                [!provide]                        PROVIDE (ESIRAM115, 0xe73)
                [!provide]                        PROVIDE (ESIRAM116, 0xe74)
                [!provide]                        PROVIDE (ESIRAM117, 0xe75)
                [!provide]                        PROVIDE (ESIRAM118, 0xe76)
                [!provide]                        PROVIDE (ESIRAM119, 0xe77)
                [!provide]                        PROVIDE (ESIRAM120, 0xe78)
                [!provide]                        PROVIDE (ESIRAM121, 0xe79)
                [!provide]                        PROVIDE (ESIRAM122, 0xe7a)
[...]
                [!provide]                        PROVIDE (BIN2BCD, 0x4bc)
                [!provide]                        PROVIDE (BCD2BIN, 0x4be)
                [!provide]                        PROVIDE (SFRIE1, 0x100)
                [!provide]                        PROVIDE (SFRIE1_L, 0x100)
                [!provide]                        PROVIDE (SFRIE1_H, 0x101)
                0x0000000000000102                PROVIDE (SFRIFG1, 0x102)
                [!provide]                        PROVIDE (SFRIFG1_L, 0x102)
                [!provide]                        PROVIDE (SFRIFG1_H, 0x103)
                [!provide]                        PROVIDE (SFRRPCR, 0x104)
                [!provide]                        PROVIDE (SFRRPCR_L, 0x104)
                [!provide]                        PROVIDE (SFRRPCR_H, 0x105)
                [!provide]                        PROVIDE (SYSCTL, 0x180)
                [!provide]                        PROVIDE (SYSCTL_L, 0x180)
                [!provide]                        PROVIDE (SYSCTL_H, 0x181)
                [!provide]                        PROVIDE (SYSJMBC, 0x186)
                [!provide]                        PROVIDE (SYSJMBC_L, 0x186)
                [!provide]                        PROVIDE (SYSJMBC_H, 0x187)
                [!provide]                        PROVIDE (SYSJMBI0, 0x188)
                [!provide]                        PROVIDE (SYSJMBI0_L, 0x188)
                [!provide]                        PROVIDE (SYSJMBI0_H, 0x189)
                [!provide]                        PROVIDE (SYSJMBI1, 0x18a)
                [!provide]                        PROVIDE (SYSJMBI1_L, 0x18a)
                [!provide]                        PROVIDE (SYSJMBI1_H, 0x18b)
                [!provide]                        PROVIDE (SYSJMBO0, 0x18c)
                [!provide]                        PROVIDE (SYSJMBO0_L, 0x18c)
                [!provide]                        PROVIDE (SYSJMBO0_H, 0x18d)
                [!provide]                        PROVIDE (SYSJMBO1, 0x18e)
                [!provide]                        PROVIDE (SYSJMBO1_L, 0x18e)
                [!provide]                        PROVIDE (SYSJMBO1_H, 0x18f)
                [!provide]                        PROVIDE (SYSUNIV, 0x19a)
                [!provide]                        PROVIDE (SYSUNIV_L, 0x19a)
                [!provide]                        PROVIDE (SYSUNIV_H, 0x19b)
                [!provide]                        PROVIDE (SYSSNIV, 0x19c)
                [!provide]                        PROVIDE (SYSSNIV_L, 0x19c)
                [!provide]                        PROVIDE (SYSSNIV_H, 0x19d)
                [!provide]                        PROVIDE (SYSRSTIV, 0x19e)
                [!provide]                        PROVIDE (SYSRSTIV_L, 0x19e)
                [!provide]                        PROVIDE (SYSRSTIV_H, 0x19f)
                0x0000000000000340                PROVIDE (TA0CTL, 0x340)
                [!provide]                        PROVIDE (TA0CCTL0, 0x342)
                [!provide]                        PROVIDE (TA0CCTL1, 0x344)
                [!provide]                        PROVIDE (TA0CCTL2, 0x346)
                0x0000000000000350                PROVIDE (TA0R, 0x350)
                [!provide]                        PROVIDE (TA0CCR0, 0x352)
                [!provide]                        PROVIDE (TA0CCR1, 0x354)
                [!provide]                        PROVIDE (TA0CCR2, 0x356)
                [!provide]                        PROVIDE (TA0IV, 0x36e)
                [!provide]                        PROVIDE (TA0EX0, 0x360)
                [!provide]                        PROVIDE (TA1CTL, 0x380)
                [!provide]                        PROVIDE (TA1CCTL0, 0x382)
                [!provide]                        PROVIDE (TA1CCTL1, 0x384)
                [!provide]                        PROVIDE (TA1CCTL2, 0x386)
                [!provide]                        PROVIDE (TA1R, 0x390)
                [!provide]                        PROVIDE (TA1CCR0, 0x392)
                [!provide]                        PROVIDE (TA1CCR1, 0x394)
                [!provide]                        PROVIDE (TA1CCR2, 0x396)
                [!provide]                        PROVIDE (TA1IV, 0x3ae)
                [!provide]                        PROVIDE (TA1EX0, 0x3a0)
                [!provide]                        PROVIDE (TA2CTL, 0x400)
                [!provide]                        PROVIDE (TA2CCTL0, 0x402)
                [!provide]                        PROVIDE (TA2CCTL1, 0x404)
                [!provide]                        PROVIDE (TA2R, 0x410)
                [!provide]                        PROVIDE (TA2CCR0, 0x412)
                [!provide]                        PROVIDE (TA2CCR1, 0x414)
                [!provide]                        PROVIDE (TA2IV, 0x42e)
                [!provide]                        PROVIDE (TA2EX0, 0x420)
                [!provide]                        PROVIDE (TA3CTL, 0x440)
                [!provide]                        PROVIDE (TA3CCTL0, 0x442)
                [!provide]                        PROVIDE (TA3CCTL1, 0x444)
                [!provide]                        PROVIDE (TA3CCTL2, 0x446)
                [!provide]                        PROVIDE (TA3CCTL3, 0x448)
                [!provide]                        PROVIDE (TA3CCTL4, 0x44a)
                [!provide]                        PROVIDE (TA3R, 0x450)
                [!provide]                        PROVIDE (TA3CCR0, 0x452)
                [!provide]                        PROVIDE (TA3CCR1, 0x454)
                [!provide]                        PROVIDE (TA3CCR2, 0x456)
                [!provide]                        PROVIDE (TA3CCR3, 0x458)
                [!provide]                        PROVIDE (TA3CCR4, 0x45a)
                [!provide]                        PROVIDE (TA3IV, 0x46e)
                [!provide]                        PROVIDE (TA3EX0, 0x460)
                [!provide]                        PROVIDE (TB0CTL, 0x3c0)
                [!provide]                        PROVIDE (TB0CCTL0, 0x3c2)
                [!provide]                        PROVIDE (TB0CCTL1, 0x3c4)
                [!provide]                        PROVIDE (TB0CCTL2, 0x3c6)
                [!provide]                        PROVIDE (TB0CCTL3, 0x3c8)
                [!provide]                        PROVIDE (TB0CCTL4, 0x3ca)
                [!provide]                        PROVIDE (TB0CCTL5, 0x3cc)
                [!provide]                        PROVIDE (TB0CCTL6, 0x3ce)
                [!provide]                        PROVIDE (TB0R, 0x3d0)
                [!provide]                        PROVIDE (TB0CCR0, 0x3d2)
                [!provide]                        PROVIDE (TB0CCR1, 0x3d4)
                [!provide]                        PROVIDE (TB0CCR2, 0x3d6)
                [!provide]                        PROVIDE (TB0CCR3, 0x3d8)
                [!provide]                        PROVIDE (TB0CCR4, 0x3da)
                [!provide]                        PROVIDE (TB0CCR5, 0x3dc)
                [!provide]                        PROVIDE (TB0CCR6, 0x3de)
                [!provide]                        PROVIDE (TB0EX0, 0x3e0)
                [!provide]                        PROVIDE (TB0IV, 0x3ee)
                [!provide]                        PROVIDE (UCA0CTLW0, 0x5c0)
                [!provide]                        PROVIDE (UCA0CTLW0_L, 0x5c0)
                [!provide]                        PROVIDE (UCA0CTLW0_H, 0x5c1)
                [!provide]                        PROVIDE (UCA0CTLW1, 0x5c2)
                [!provide]                        PROVIDE (UCA0CTLW1_L, 0x5c2)
                [!provide]                        PROVIDE (UCA0CTLW1_H, 0x5c3)
                [!provide]                        PROVIDE (UCA0BRW, 0x5c6)
                [!provide]                        PROVIDE (UCA0BRW_L, 0x5c6)
                [!provide]                        PROVIDE (UCA0BRW_H, 0x5c7)
                [!provide]                        PROVIDE (UCA0MCTLW, 0x5c8)
                [!provide]                        PROVIDE (UCA0MCTLW_L, 0x5c8)
                [!provide]                        PROVIDE (UCA0MCTLW_H, 0x5c9)
                [!provide]                        PROVIDE (UCA0STATW, 0x5ca)
                [!provide]                        PROVIDE (UCA0RXBUF, 0x5cc)
                [!provide]                        PROVIDE (UCA0RXBUF_L, 0x5cc)
                [!provide]                        PROVIDE (UCA0RXBUF_H, 0x5cd)
                [!provide]                        PROVIDE (UCA0TXBUF, 0x5ce)
                [!provide]                        PROVIDE (UCA0TXBUF_L, 0x5ce)
                [!provide]                        PROVIDE (UCA0TXBUF_H, 0x5cf)
                [!provide]                        PROVIDE (UCA0ABCTL, 0x5d0)
                [!provide]                        PROVIDE (UCA0IRCTL, 0x5d2)
                [!provide]                        PROVIDE (UCA0IRCTL_L, 0x5d2)
                [!provide]                        PROVIDE (UCA0IRCTL_H, 0x5d3)
                [!provide]                        PROVIDE (UCA0IE, 0x5da)
                [!provide]                        PROVIDE (UCA0IE_L, 0x5da)
                [!provide]                        PROVIDE (UCA0IE_H, 0x5db)
                [!provide]                        PROVIDE (UCA0IFG, 0x5dc)
                [!provide]                        PROVIDE (UCA0IFG_L, 0x5dc)
                [!provide]                        PROVIDE (UCA0IFG_H, 0x5dd)
                [!provide]                        PROVIDE (UCA0IV, 0x5de)
                0x00000000000005e0                PROVIDE (UCA1CTLW0, 0x5e0)
                0x00000000000005e0                PROVIDE (UCA1CTLW0_L, 0x5e0)
                [!provide]                        PROVIDE (UCA1CTLW0_H, 0x5e1)
                [!provide]                        PROVIDE (UCA1CTLW1, 0x5e2)
                [!provide]                        PROVIDE (UCA1CTLW1_L, 0x5e2)
                [!provide]                        PROVIDE (UCA1CTLW1_H, 0x5e3)
                [!provide]                        PROVIDE (UCA1BRW, 0x5e6)
                0x00000000000005e6                PROVIDE (UCA1BRW_L, 0x5e6)
                0x00000000000005e7                PROVIDE (UCA1BRW_H, 0x5e7)
                0x00000000000005e8                PROVIDE (UCA1MCTLW, 0x5e8)
                [!provide]                        PROVIDE (UCA1MCTLW_L, 0x5e8)
                [!provide]                        PROVIDE (UCA1MCTLW_H, 0x5e9)
                [!provide]                        PROVIDE (UCA1STATW, 0x5ea)
                0x00000000000005ec                PROVIDE (UCA1RXBUF, 0x5ec)
                [!provide]                        PROVIDE (UCA1RXBUF_L, 0x5ec)
                [!provide]                        PROVIDE (UCA1RXBUF_H, 0x5ed)
                0x00000000000005ee                PROVIDE (UCA1TXBUF, 0x5ee)
                [!provide]                        PROVIDE (UCA1TXBUF_L, 0x5ee)
                [!provide]                        PROVIDE (UCA1TXBUF_H, 0x5ef)
                [!provide]                        PROVIDE (UCA1ABCTL, 0x5f0)
                [!provide]                        PROVIDE (UCA1IRCTL, 0x5f2)
                [!provide]                        PROVIDE (UCA1IRCTL_L, 0x5f2)
                [!provide]                        PROVIDE (UCA1IRCTL_H, 0x5f3)
                0x00000000000005fa                PROVIDE (UCA1IE, 0x5fa)
                [!provide]                        PROVIDE (UCA1IE_L, 0x5fa)
                [!provide]                        PROVIDE (UCA1IE_H, 0x5fb)
                0x00000000000005fc                PROVIDE (UCA1IFG, 0x5fc)
                [!provide]                        PROVIDE (UCA1IFG_L, 0x5fc)
                [!provide]                        PROVIDE (UCA1IFG_H, 0x5fd)
                0x00000000000005fe                PROVIDE (UCA1IV, 0x5fe)
                [!provide]                        PROVIDE (UCB0CTLW0, 0x640)
                [!provide]                        PROVIDE (UCB0CTLW0_L, 0x640)
                [!provide]                        PROVIDE (UCB0CTLW0_H, 0x641)
                [!provide]                        PROVIDE (UCB0CTLW1, 0x642)
                [!provide]                        PROVIDE (UCB0CTLW1_L, 0x642)
                [!provide]                        PROVIDE (UCB0CTLW1_H, 0x643)
                [!provide]                        PROVIDE (UCB0BRW, 0x646)
                [!provide]                        PROVIDE (UCB0BRW_L, 0x646)
                [!provide]                        PROVIDE (UCB0BRW_H, 0x647)
                [!provide]                        PROVIDE (UCB0STATW, 0x648)
                [!provide]                        PROVIDE (UCB0STATW_L, 0x648)
                [!provide]                        PROVIDE (UCB0STATW_H, 0x649)
                [!provide]                        PROVIDE (UCB0TBCNT, 0x64a)
                [!provide]                        PROVIDE (UCB0TBCNT_L, 0x64a)
                [!provide]                        PROVIDE (UCB0TBCNT_H, 0x64b)
                [!provide]                        PROVIDE (UCB0RXBUF, 0x64c)
                [!provide]                        PROVIDE (UCB0RXBUF_L, 0x64c)
                [!provide]                        PROVIDE (UCB0RXBUF_H, 0x64d)
                [!provide]                        PROVIDE (UCB0TXBUF, 0x64e)
                [!provide]                        PROVIDE (UCB0TXBUF_L, 0x64e)
                [!provide]                        PROVIDE (UCB0TXBUF_H, 0x64f)
                [!provide]                        PROVIDE (UCB0I2COA0, 0x654)
                [!provide]                        PROVIDE (UCB0I2COA0_L, 0x654)
                [!provide]                        PROVIDE (UCB0I2COA0_H, 0x655)
                [!provide]                        PROVIDE (UCB0I2COA1, 0x656)
                [!provide]                        PROVIDE (UCB0I2COA1_L, 0x656)
                [!provide]                        PROVIDE (UCB0I2COA1_H, 0x657)
                [!provide]                        PROVIDE (UCB0I2COA2, 0x658)
                [!provide]                        PROVIDE (UCB0I2COA2_L, 0x658)
                [!provide]                        PROVIDE (UCB0I2COA2_H, 0x659)
                [!provide]                        PROVIDE (UCB0I2COA3, 0x65a)
                [!provide]                        PROVIDE (UCB0I2COA3_L, 0x65a)
                [!provide]                        PROVIDE (UCB0I2COA3_H, 0x65b)
                [!provide]                        PROVIDE (UCB0ADDRX, 0x65c)
                [!provide]                        PROVIDE (UCB0ADDRX_L, 0x65c)
                [!provide]                        PROVIDE (UCB0ADDRX_H, 0x65d)
                [!provide]                        PROVIDE (UCB0ADDMASK, 0x65e)
                [!provide]                        PROVIDE (UCB0ADDMASK_L, 0x65e)
                [!provide]                        PROVIDE (UCB0ADDMASK_H, 0x65f)
                [!provide]                        PROVIDE (UCB0I2CSA, 0x660)
                [!provide]                        PROVIDE (UCB0I2CSA_L, 0x660)
                [!provide]                        PROVIDE (UCB0I2CSA_H, 0x661)
                [!provide]                        PROVIDE (UCB0IE, 0x66a)
                [!provide]                        PROVIDE (UCB0IE_L, 0x66a)
                [!provide]                        PROVIDE (UCB0IE_H, 0x66b)
                [!provide]                        PROVIDE (UCB0IFG, 0x66c)
                [!provide]                        PROVIDE (UCB0IFG_L, 0x66c)
                [!provide]                        PROVIDE (UCB0IFG_H, 0x66d)
                [!provide]                        PROVIDE (UCB0IV, 0x66e)
                [!provide]                        PROVIDE (UCB1CTLW0, 0x680)
                [!provide]                        PROVIDE (UCB1CTLW0_L, 0x680)
                [!provide]                        PROVIDE (UCB1CTLW0_H, 0x681)
                [!provide]                        PROVIDE (UCB1CTLW1, 0x682)
                [!provide]                        PROVIDE (UCB1CTLW1_L, 0x682)
                [!provide]                        PROVIDE (UCB1CTLW1_H, 0x683)
                [!provide]                        PROVIDE (UCB1BRW, 0x686)
                [!provide]                        PROVIDE (UCB1BRW_L, 0x686)
                [!provide]                        PROVIDE (UCB1BRW_H, 0x687)
                [!provide]                        PROVIDE (UCB1STATW, 0x688)
                [!provide]                        PROVIDE (UCB1STATW_L, 0x688)
                [!provide]                        PROVIDE (UCB1STATW_H, 0x689)
                [!provide]                        PROVIDE (UCB1TBCNT, 0x68a)
                [!provide]                        PROVIDE (UCB1TBCNT_L, 0x68a)
                [!provide]                        PROVIDE (UCB1TBCNT_H, 0x68b)
                [!provide]                        PROVIDE (UCB1RXBUF, 0x68c)
                [!provide]                        PROVIDE (UCB1RXBUF_L, 0x68c)
                [!provide]                        PROVIDE (UCB1RXBUF_H, 0x68d)
                [!provide]                        PROVIDE (UCB1TXBUF, 0x68e)
                [!provide]                        PROVIDE (UCB1TXBUF_L, 0x68e)
                [!provide]                        PROVIDE (UCB1TXBUF_H, 0x68f)
                [!provide]                        PROVIDE (UCB1I2COA0, 0x694)
                [!provide]                        PROVIDE (UCB1I2COA0_L, 0x694)
                [!provide]                        PROVIDE (UCB1I2COA0_H, 0x695)
                [!provide]                        PROVIDE (UCB1I2COA1, 0x696)
                [!provide]                        PROVIDE (UCB1I2COA1_L, 0x696)
                [!provide]                        PROVIDE (UCB1I2COA1_H, 0x697)
                [!provide]                        PROVIDE (UCB1I2COA2, 0x698)
                [!provide]                        PROVIDE (UCB1I2COA2_L, 0x698)
                [!provide]                        PROVIDE (UCB1I2COA2_H, 0x699)
                [!provide]                        PROVIDE (UCB1I2COA3, 0x69a)
                [!provide]                        PROVIDE (UCB1I2COA3_L, 0x69a)
                [!provide]                        PROVIDE (UCB1I2COA3_H, 0x69b)
                [!provide]                        PROVIDE (UCB1ADDRX, 0x69c)
                [!provide]                        PROVIDE (UCB1ADDRX_L, 0x69c)
                [!provide]                        PROVIDE (UCB1ADDRX_H, 0x69d)
                [!provide]                        PROVIDE (UCB1ADDMASK, 0x69e)
                [!provide]                        PROVIDE (UCB1ADDMASK_L, 0x69e)
                [!provide]                        PROVIDE (UCB1ADDMASK_H, 0x69f)
                [!provide]                        PROVIDE (UCB1I2CSA, 0x6a0)
                [!provide]                        PROVIDE (UCB1I2CSA_L, 0x6a0)
                [!provide]                        PROVIDE (UCB1I2CSA_H, 0x6a1)
                [!provide]                        PROVIDE (UCB1IE, 0x6aa)
                [!provide]                        PROVIDE (UCB1IE_L, 0x6aa)
                [!provide]                        PROVIDE (UCB1IE_H, 0x6ab)
                [!provide]                        PROVIDE (UCB1IFG, 0x6ac)
                [!provide]                        PROVIDE (UCB1IFG_L, 0x6ac)
                [!provide]                        PROVIDE (UCB1IFG_H, 0x6ad)
                [!provide]                        PROVIDE (UCB1IV, 0x6ae)
                0x000000000000015c                PROVIDE (WDTCTL, 0x15c)
                [!provide]                        PROVIDE (WDTCTL_L, 0x15c)
                [!provide]                        PROVIDE (WDTCTL_H, 0x15d)
OUTPUT(Embedded_C_timings.out elf32-msp430)
